******************************************************************************
                  TI ARM Linker PC v18.1.2                     
******************************************************************************
>> Linked Sun Jun 24 18:01:40 2018

OUTPUT FILE NAME:   <TM4C123_delta-slavers.out>
ENTRY POINT SYMBOL: "_c_int00_noargs"  address: 000012b1


MEMORY CONFIGURATION

         name            origin    length      used     unused   attr    fill
----------------------  --------  ---------  --------  --------  ----  --------
  FLASH                 00000000   00040000  00001738  0003e8c8  R  X
  SRAM                  20000000   00008000  00000149  00007eb7  RW X


SEGMENT ALLOCATION MAP

run origin  load origin   length   init length attrs members
----------  ----------- ---------- ----------- ----- -------
00000000    00000000    00001738   00001738    r-x
  00000000    00000000    0000026c   0000026c    r-- .intvecs
  0000026c    0000026c    00001378   00001378    r-x .text
  000015e4    000015e4    00000114   00000114    r-- .const
  000016f8    000016f8    00000040   00000040    r-- .cinit
20000000    20000000    0000014c   00000000    rw-
  20000000    20000000    00000100   00000000    rw- .stack
  20000100    20000100    0000002d   00000000    rw- .data
  20000130    20000130    0000001c   00000000    rw- .bss


SECTION ALLOCATION MAP

 output                                  attributes/
section   page    origin      length       input sections
--------  ----  ----------  ----------   ----------------
.intvecs   0    00000000    0000026c     
                  00000000    0000026c     startup_ccs.obj (.intvecs)

.text      0    0000026c    00001378     
                  0000026c    00000218     System.obj (.text:cfg_uart)
                  00000484    000001ea     uartstdio.obj (.text:UARTvprintf)
                  0000066e    00000002     startup_ccs.obj (.text:FaultISR)
                  00000670    000001cc     System.obj (.text:cfg_timer)
                  0000083c    00000164     System.obj (.text:cfg_pwm)
                  000009a0    00000132     driverlib.lib : gpio.obj (.text:GPIOPadConfigSet)
                  00000ad2    00000002     startup_ccs.obj (.text:IntDefaultHandler)
                  00000ad4    00000110     driverlib.lib : sysctl.obj (.text:SysCtlClockGet)
                  00000be4    00000104     PIDPosistion.obj (.text:PIDPos)
                  00000ce8    000000e8     System.obj (.text:cfg_peripheral)
                  00000dd0    000000c0     System.obj (.text:cfg_qei)
                  00000e90    0000009c     rtsv7M4_T_le_v4SPD16_eabi.lib : memcpy_t2.asm.obj (.text)
                  00000f2c    00000098     System.obj (.text:cfg_port)
                  00000fc4    00000068     rtsv7M4_T_le_v4SPD16_eabi.lib : copy_decompress_lzss.c.obj (.text:decompress:lzss:__TI_decompress_lzss)
                  0000102c    00000060     uartstdio.obj (.text:UARTStdioConfig)
                  0000108c    00000050     main.obj (.text:PortFIntHandler)
                  000010dc    00000048     driverlib.lib : gpio.obj (.text:GPIOPinConfigure)
                  00001124    00000048     uartstdio.obj (.text:UARTwrite)
                  0000116c    00000048     main.obj (.text:main)
                  000011b4    00000044     rtsv7M4_T_le_v4SPD16_eabi.lib : autoinit.c.obj (.text:__TI_auto_init_nobinit_nopinit:__TI_auto_init_nobinit_nopinit)
                  000011f8    00000040     System.obj (.text:init)
                  00001238    00000040     rtsv7M4_T_le_v4SPD16_eabi.lib : u_divt2.asm.obj (.text)
                  00001278    00000038     PIDPosistion.obj (.text:MotorController)
                  000012b0    00000038     rtsv7M4_T_le_v4SPD16_eabi.lib : boot_cortex_m.c.obj (.text:_c_int00_noargs:_c_int00_noargs)
                  000012e8    0000002a     driverlib.lib : gpio.obj (.text:GPIODirModeSet)
                  00001312    00000002     startup_ccs.obj (.text:NmiSR)
                  00001314    00000028     main.obj (.text:Timer0IntHandler)
                  0000133c    00000022     driverlib.lib : pwm.obj (.text:PWMGenConfigure)
                  0000135e    00000002     rtsv7M4_T_le_v4SPD16_eabi.lib : div0.asm.obj (.text)
                  00001360    00000020     main.obj (.text:SysTickIntHandler)
                  00001380    0000001e     driverlib.lib : pwm.obj (.text:PWMPulseWidthSet)
                  0000139e    00000002     --HOLE-- [fill = 0]
                  000013a0    0000001c     main.obj (.text:Timer1IntHandler)
                  000013bc    0000001c     main.obj (.text:Timer2IntHandler)
                  000013d8    0000001c     main.obj (.text:Timer3IntHandler)
                  000013f4    0000001c     main.obj (.text:Timer4IntHandler)
                  00001410    0000001c     main.obj (.text:Timer5IntHandler)
                  0000142c    0000001a     uartstdio.obj (.text:UARTprintf)
                  00001446    00000018     driverlib.lib : gpio.obj (.text:GPIOPinTypeGPIOOutput)
                  0000145e    00000002     --HOLE-- [fill = 0]
                  00001460    00000018     System.obj (.text:cfg_clock)
                  00001478    00000016     System.obj (.text:cfg_systick)
                  0000148e    00000002     --HOLE-- [fill = 0]
                  00001490    00000014     driverlib.lib : systick.obj (.text:SysTickEnable)
                  000014a4    00000014                   : systick.obj (.text:SysTickIntEnable)
                  000014b8    00000012                   : gpio.obj (.text:GPIOPinTypePWM)
                  000014ca    00000012                   : gpio.obj (.text:GPIOPinTypeQEI)
                  000014dc    00000012                   : pwm.obj (.text:PWMOutputState)
                  000014ee    00000012     rtsv7M4_T_le_v4SPD16_eabi.lib : copy_zero_init.c.obj (.text:decompress:ZI:__TI_zero_init_nomemset:__TI_zero_init_nomemset)
                  00001500    00000010     driverlib.lib : pwm.obj (.text:PWMGenPeriodSet)
                  00001510    00000010                   : qei.obj (.text:QEIVelocityConfigure)
                  00001520    00000010                   : systick.obj (.text:SysTickPeriodSet)
                  00001530    0000000e                   : gpio.obj (.text:GPIOIntStatus)
                  0000153e    0000000e                   : qei.obj (.text:QEIConfigure)
                  0000154c    0000000e     rtsv7M4_T_le_v4SPD16_eabi.lib : copy_decompress_none.c.obj (.text:decompress:none:__TI_decompress_none)
                  0000155a    0000000c     driverlib.lib : pwm.obj (.text:PWMGenEnable)
                  00001566    00000002     --HOLE-- [fill = 0]
                  00001568    0000000c     main.obj (.text:PortBIntHandler)
                  00001574    0000000c     main.obj (.text:UART0IntHandler)
                  00001580    0000000a     driverlib.lib : qei.obj (.text:QEIDisable)
                  0000158a    0000000a                   : qei.obj (.text:QEIEnable)
                  00001594    0000000a                   : qei.obj (.text:QEIVelocityEnable)
                  0000159e    00000008                   : uart.obj (.text:UARTBusy)
                  000015a6    00000006                   : gpio.obj (.text:GPIOIntClear)
                  000015ac    00000006                   : gpio.obj (.text:GPIOPinRead)
                  000015b2    00000006                   : gpio.obj (.text:GPIOPinWrite)
                  000015b8    00000006     startup_ccs.obj (.text:ResetISR)
                  000015be    00000006     driverlib.lib : sysctl.obj (.text:SysCtlDelay)
                  000015c4    00000006                   : timer.obj (.text:TimerClockSourceSet)
                  000015ca    00000006                   : uart.obj (.text:UARTClockSourceSet)
                  000015d0    00000004                   : qei.obj (.text:QEIPositionGet)
                  000015d4    00000004                   : qei.obj (.text:QEIPositionSet)
                  000015d8    00000004                   : uart.obj (.text:UARTIntClear)
                  000015dc    00000004     rtsv7M4_T_le_v4SPD16_eabi.lib : pre_init.c.obj (.text:_system_pre_init)
                  000015e0    00000004                                   : exit.c.obj (.text:abort:abort)

.const     0    000015e4    00000114     
                  000015e4    00000090     driverlib.lib : gpio.obj (.const:g_pui32GPIOBaseAddrs)
                  00001674    0000006c                   : sysctl.obj (.const:g_pui32Xtals)
                  000016e0    0000000c     uartstdio.obj (.const:g_ui32UARTBase)
                  000016ec    0000000c     uartstdio.obj (.const:g_ui32UARTPeriph)

.cinit     0    000016f8    00000040     
                  000016f8    00000017     (.cinit..data.load) [load image, compression = lzss]
                  0000170f    00000001     --HOLE-- [fill = 0]
                  00001710    0000000c     (__TI_handler_table)
                  0000171c    00000004     --HOLE-- [fill = 0]
                  00001720    00000008     (.cinit..bss.load) [load image, compression = zero_init]
                  00001728    00000010     (__TI_cinit_table)

.init_array 
*          0    00000000    00000000     UNINITIALIZED

.data      0    20000100    0000002d     UNINITIALIZED
                  20000100    00000018     PIDPosistion.obj (.data)
                  20000118    00000010     main.obj (.data)
                  20000128    00000005     uartstdio.obj (.data)

.bss       0    20000130    0000001c     UNINITIALIZED
                  20000130    00000004     (.common:Err_l)
                  20000134    00000004     (.common:dPart_l)
                  20000138    00000004     (.common:iPart_l)
                  2000013c    00000004     (.common:output_l)
                  20000140    00000004     (.common:pPart_l)
                  20000144    00000004     (.common:pre_err_l)
                  20000148    00000004     (.common:rPos_l)

.stack     0    20000000    00000100     UNINITIALIZED
                  20000000    00000004     rtsv7M4_T_le_v4SPD16_eabi.lib : boot_cortex_m.c.obj (.stack)
                  20000004    000000fc     --HOLE--

MODULE SUMMARY

       Module                       code   ro data   rw data
       ------                       ----   -------   -------
    .\
       System.obj                   2038   0         0      
       startup_ccs.obj              12     620       0      
       main.obj                     388    0         16     
       PIDPosistion.obj             316    0         52     
    +--+----------------------------+------+---------+---------+
       Total:                       2754   620       68     
                                                            
    .\utils\
       uartstdio.obj                684    24        5      
    +--+----------------------------+------+---------+---------+
       Total:                       684    24        5      
                                                            
    C:/TI/TivaWare_C_Series-2.1.4.178/driverlib/ccs/Debug/driverlib.lib
       gpio.obj                     512    144       0      
       sysctl.obj                   278    108       0      
       pwm.obj                      110    0         0      
       qei.obj                      68     0         0      
       systick.obj                  56     0         0      
       uart.obj                     18     0         0      
       timer.obj                    6      0         0      
    +--+----------------------------+------+---------+---------+
       Total:                       1048   252       0      
                                                            
    C:\TI\ccsv8\tools\compiler\ti-cgt-arm_18.1.2.LTS\lib\rtsv7M4_T_le_v4SPD16_eabi.lib
       memcpy_t2.asm.obj            156    0         0      
       copy_decompress_lzss.c.obj   104    0         0      
       autoinit.c.obj               68     0         0      
       u_divt2.asm.obj              64     0         0      
       boot_cortex_m.c.obj          56     0         0      
       copy_zero_init.c.obj         18     0         0      
       copy_decompress_none.c.obj   14     0         0      
       exit.c.obj                   4      0         0      
       pre_init.c.obj               4      0         0      
       div0.asm.obj                 2      0         0      
    +--+----------------------------+------+---------+---------+
       Total:                       490    0         0      
                                                            
       Stack:                       0      0         256    
       Linker Generated:            0      59        0      
    +--+----------------------------+------+---------+---------+
       Grand Total:                 4976   955       329    


LINKER GENERATED COPY TABLES

__TI_cinit_table @ 00001728 records: 2, size/record: 8, table size: 16
	.data: load addr=000016f8, load size=00000017 bytes, run addr=20000100, run size=0000002d bytes, compression=lzss
	.bss: load addr=00001720, load size=00000008 bytes, run addr=20000130, run size=0000001c bytes, compression=zero_init


LINKER GENERATED HANDLER TABLE

__TI_handler_table @ 00001710 records: 3, size/record: 4, table size: 12
	index: 0, handler: __TI_decompress_lzss
	index: 1, handler: __TI_decompress_none
	index: 2, handler: __TI_zero_init


GLOBAL SYMBOLS: SORTED ALPHABETICALLY BY Name 

address   name                          
-------   ----                          
000015e1  C$$EXIT                       
20000130  Err_l                         
000012e9  GPIODirModeSet                
000015a7  GPIOIntClear                  
00001531  GPIOIntStatus                 
000009a1  GPIOPadConfigSet              
000010dd  GPIOPinConfigure              
000015ad  GPIOPinRead                   
00001447  GPIOPinTypeGPIOOutput         
000014b9  GPIOPinTypePWM                
000014cb  GPIOPinTypeQEI                
000015b3  GPIOPinWrite                  
00001279  MotorController               
00000be5  PIDPos                        
0000133d  PWMGenConfigure               
0000155b  PWMGenEnable                  
00001501  PWMGenPeriodSet               
000014dd  PWMOutputState                
00001381  PWMPulseWidthSet              
00001569  PortBIntHandler               
0000108d  PortFIntHandler               
0000153f  QEIConfigure                  
00001581  QEIDisable                    
0000158b  QEIEnable                     
000015d1  QEIPositionGet                
000015d5  QEIPositionSet                
00001511  QEIVelocityConfigure          
00001595  QEIVelocityEnable             
000015b9  ResetISR                      
00000ad5  SysCtlClockGet                
000015bf  SysCtlDelay                   
00001491  SysTickEnable                 
000014a5  SysTickIntEnable              
00001361  SysTickIntHandler             
00001521  SysTickPeriodSet              
00001315  Timer0IntHandler              
000013a1  Timer1IntHandler              
000013bd  Timer2IntHandler              
000013d9  Timer3IntHandler              
000013f5  Timer4IntHandler              
00001411  Timer5IntHandler              
000015c5  TimerClockSourceSet           
00001575  UART0IntHandler               
0000159f  UARTBusy                      
000015cb  UARTClockSourceSet            
000015d9  UARTIntClear                  
0000102d  UARTStdioConfig               
0000142d  UARTprintf                    
00000485  UARTvprintf                   
00001125  UARTwrite                     
20000100  __STACK_END                   
00000100  __STACK_SIZE                  
20000100  __STACK_TOP                   
00001728  __TI_CINIT_Base               
00001738  __TI_CINIT_Limit              
00001710  __TI_Handler_Table_Base       
0000171c  __TI_Handler_Table_Limit      
000011b5  __TI_auto_init_nobinit_nopinit
00000fc5  __TI_decompress_lzss          
0000154d  __TI_decompress_none          
ffffffff  __TI_pprof_out_hndl           
ffffffff  __TI_prof_data_size           
ffffffff  __TI_prof_data_start          
00000000  __TI_static_base__            
000014ef  __TI_zero_init_nomemset       
0000135f  __aeabi_idiv0                 
0000135f  __aeabi_ldiv0                 
00000e91  __aeabi_memcpy                
00000e91  __aeabi_memcpy4               
00000e91  __aeabi_memcpy8               
00001239  __aeabi_uidiv                 
00001239  __aeabi_uidivmod              
ffffffff  __binit__                     
ffffffff  __c_args__                    
UNDEFED   __mpu_init                    
20000000  __stack                       
000012b1  _c_int00_noargs               
UNDEFED   _system_post_cinit            
000015dd  _system_pre_init              
000015e1  abort                         
ffffffff  binit                         
00001461  cfg_clock                     
00000ce9  cfg_peripheral                
00000f2d  cfg_port                      
0000083d  cfg_pwm                       
00000dd1  cfg_qei                       
00001479  cfg_systick                   
00000671  cfg_timer                     
0000026d  cfg_uart                      
2000011c  count                         
20000134  dPart_l                       
00000000  g_pfnVectors                  
20000138  iPart_l                       
000011f9  init                          
20000108  kd_l                          
20000114  kd_r                          
20000104  ki_l                          
20000110  ki_r                          
20000100  kp_l                          
2000010c  kp_r                          
0000116d  main                          
00000e91  memcpy                        
20000124  mode                          
20000120  mycount                       
2000013c  output_l                      
20000140  pPart_l                       
20000118  pos                           
20000144  pre_err_l                     
20000148  rPos_l                        


GLOBAL SYMBOLS: SORTED BY Symbol Address 

address   name                          
-------   ----                          
00000000  __TI_static_base__            
00000000  g_pfnVectors                  
00000100  __STACK_SIZE                  
0000026d  cfg_uart                      
00000485  UARTvprintf                   
00000671  cfg_timer                     
0000083d  cfg_pwm                       
000009a1  GPIOPadConfigSet              
00000ad5  SysCtlClockGet                
00000be5  PIDPos                        
00000ce9  cfg_peripheral                
00000dd1  cfg_qei                       
00000e91  __aeabi_memcpy                
00000e91  __aeabi_memcpy4               
00000e91  __aeabi_memcpy8               
00000e91  memcpy                        
00000f2d  cfg_port                      
00000fc5  __TI_decompress_lzss          
0000102d  UARTStdioConfig               
0000108d  PortFIntHandler               
000010dd  GPIOPinConfigure              
00001125  UARTwrite                     
0000116d  main                          
000011b5  __TI_auto_init_nobinit_nopinit
000011f9  init                          
00001239  __aeabi_uidiv                 
00001239  __aeabi_uidivmod              
00001279  MotorController               
000012b1  _c_int00_noargs               
000012e9  GPIODirModeSet                
00001315  Timer0IntHandler              
0000133d  PWMGenConfigure               
0000135f  __aeabi_idiv0                 
0000135f  __aeabi_ldiv0                 
00001361  SysTickIntHandler             
00001381  PWMPulseWidthSet              
000013a1  Timer1IntHandler              
000013bd  Timer2IntHandler              
000013d9  Timer3IntHandler              
000013f5  Timer4IntHandler              
00001411  Timer5IntHandler              
0000142d  UARTprintf                    
00001447  GPIOPinTypeGPIOOutput         
00001461  cfg_clock                     
00001479  cfg_systick                   
00001491  SysTickEnable                 
000014a5  SysTickIntEnable              
000014b9  GPIOPinTypePWM                
000014cb  GPIOPinTypeQEI                
000014dd  PWMOutputState                
000014ef  __TI_zero_init_nomemset       
00001501  PWMGenPeriodSet               
00001511  QEIVelocityConfigure          
00001521  SysTickPeriodSet              
00001531  GPIOIntStatus                 
0000153f  QEIConfigure                  
0000154d  __TI_decompress_none          
0000155b  PWMGenEnable                  
00001569  PortBIntHandler               
00001575  UART0IntHandler               
00001581  QEIDisable                    
0000158b  QEIEnable                     
00001595  QEIVelocityEnable             
0000159f  UARTBusy                      
000015a7  GPIOIntClear                  
000015ad  GPIOPinRead                   
000015b3  GPIOPinWrite                  
000015b9  ResetISR                      
000015bf  SysCtlDelay                   
000015c5  TimerClockSourceSet           
000015cb  UARTClockSourceSet            
000015d1  QEIPositionGet                
000015d5  QEIPositionSet                
000015d9  UARTIntClear                  
000015dd  _system_pre_init              
000015e1  C$$EXIT                       
000015e1  abort                         
00001710  __TI_Handler_Table_Base       
0000171c  __TI_Handler_Table_Limit      
00001728  __TI_CINIT_Base               
00001738  __TI_CINIT_Limit              
20000000  __stack                       
20000100  __STACK_END                   
20000100  __STACK_TOP                   
20000100  kp_l                          
20000104  ki_l                          
20000108  kd_l                          
2000010c  kp_r                          
20000110  ki_r                          
20000114  kd_r                          
20000118  pos                           
2000011c  count                         
20000120  mycount                       
20000124  mode                          
20000130  Err_l                         
20000134  dPart_l                       
20000138  iPart_l                       
2000013c  output_l                      
20000140  pPart_l                       
20000144  pre_err_l                     
20000148  rPos_l                        
ffffffff  __TI_pprof_out_hndl           
ffffffff  __TI_prof_data_size           
ffffffff  __TI_prof_data_start          
ffffffff  __binit__                     
ffffffff  __c_args__                    
ffffffff  binit                         
UNDEFED   __mpu_init                    
UNDEFED   _system_post_cinit            

[109 symbols]
