******************************************************************************
                  TI ARM Linker Unix v18.1.1                   
******************************************************************************
>> Linked Tue May  1 20:05:13 2018

OUTPUT FILE NAME:   <TM4C123_delta-slavers.out>
ENTRY POINT SYMBOL: "_c_int00_noargs"  address: 000011a1


MEMORY CONFIGURATION

         name            origin    length      used     unused   attr    fill
----------------------  --------  ---------  --------  --------  ----  --------
  FLASH                 00000000   00040000  0000160a  0003e9f6  R  X
  SRAM                  20000000   00008000  0000010c  00007ef4  RW X


SEGMENT ALLOCATION MAP

run origin  load origin   length   init length attrs members
----------  ----------- ---------- ----------- ----- -------
00000000    00000000    0000160c   0000160c    r-x
  00000000    00000000    0000026c   0000026c    r-- .intvecs
  0000026c    0000026c    000011fe   000011fe    r-x .text
  0000146c    0000146c    00000184   00000184    r-- .const
  000015f0    000015f0    0000001c   0000001c    r-- .cinit
20000000    20000000    0000010c   00000000    rw-
  20000000    20000000    00000100   00000000    rw- .stack
  20000100    20000100    0000000c   00000000    rw- .data


SECTION ALLOCATION MAP

 output                                  attributes/
section   page    origin      length       input sections
--------  ----  ----------  ----------   ----------------
.intvecs   0    00000000    0000026c     
                  00000000    0000026c     startup_ccs.obj (.intvecs)

.text      0    0000026c    000011fe     
                  0000026c    0000024c     System.obj (.text:cfg_uart)
                  000004b8    000001ea     uartstdio.obj (.text:UARTvprintf)
                  000006a2    00000002     startup_ccs.obj (.text:FaultISR)
                  000006a4    000001b4     System.obj (.text:cfg_timer)
                  00000858    00000164     System.obj (.text:cfg_pwm)
                  000009bc    00000132     driverlib.lib : gpio.obj (.text:GPIOPadConfigSet)
                  00000aee    00000002     startup_ccs.obj (.text:IntDefaultHandler)
                  00000af0    00000110     driverlib.lib : sysctl.obj (.text:SysCtlClockGet)
                  00000c00    000000d8     System.obj (.text:cfg_peripheral)
                  00000cd8    000000bc     main.obj (.text:PortFIntHandler)
                  00000d94    0000009c     rtsv7M4_T_le_v4SPD16_eabi.lib : memcpy_t2.asm.obj (.text)
                  00000e30    00000068     driverlib.lib : interrupt.obj (.text:IntEnable)
                  00000e98    00000068     rtsv7M4_T_le_v4SPD16_eabi.lib : copy_decompress_lzss.c.obj (.text:decompress:lzss:__TI_decompress_lzss)
                  00000f00    00000060     uartstdio.obj (.text:UARTStdioConfig)
                  00000f60    00000056     driverlib.lib : gpio.obj (.text:GPIOIntTypeSet)
                  00000fb6    00000002     startup_ccs.obj (.text:NmiSR)
                  00000fb8    0000004c     main.obj (.text:main)
                  00001004    00000048     driverlib.lib : gpio.obj (.text:GPIOPinConfigure)
                  0000104c    00000048     uartstdio.obj (.text:UARTwrite)
                  00001094    00000048     System.obj (.text:cfg_port)
                  000010dc    00000044     rtsv7M4_T_le_v4SPD16_eabi.lib : autoinit.c.obj (.text:__TI_auto_init_nobinit_nopinit:__TI_auto_init_nobinit_nopinit)
                  00001120    00000040     System.obj (.text:init)
                  00001160    00000040     rtsv7M4_T_le_v4SPD16_eabi.lib : u_divt2.asm.obj (.text)
                  000011a0    00000038                                   : boot_cortex_m.c.obj (.text:_c_int00_noargs:_c_int00_noargs)
                  000011d8    0000002c     System.obj (.text:cfg_interrupt)
                  00001204    0000002a     driverlib.lib : gpio.obj (.text:GPIODirModeSet)
                  0000122e    00000022                   : pwm.obj (.text:PWMGenConfigure)
                  00001250    00000020     main.obj (.text:SysTickIntHandler)
                  00001270    0000001e     driverlib.lib : pwm.obj (.text:PWMPulseWidthSet)
                  0000128e    00000002     rtsv7M4_T_le_v4SPD16_eabi.lib : div0.asm.obj (.text)
                  00001290    0000001c     main.obj (.text:Timer0IntHandler)
                  000012ac    0000001c     main.obj (.text:Timer1IntHandler)
                  000012c8    0000001c     main.obj (.text:Timer2IntHandler)
                  000012e4    0000001c     main.obj (.text:Timer3IntHandler)
                  00001300    0000001c     main.obj (.text:Timer4IntHandler)
                  0000131c    0000001c     main.obj (.text:Timer5IntHandler)
                  00001338    0000001a     uartstdio.obj (.text:UARTprintf)
                  00001352    00000002     --HOLE-- [fill = 0]
                  00001354    00000018     System.obj (.text:cfg_clock)
                  0000136c    00000016     System.obj (.text:cfg_systick)
                  00001382    00000002     --HOLE-- [fill = 0]
                  00001384    00000014     driverlib.lib : sysctl.obj (.text:SysCtlPWMClockSet)
                  00001398    00000014                   : systick.obj (.text:SysTickEnable)
                  000013ac    00000014                   : systick.obj (.text:SysTickIntEnable)
                  000013c0    00000012                   : gpio.obj (.text:GPIOPinTypePWM)
                  000013d2    00000012                   : pwm.obj (.text:PWMOutputState)
                  000013e4    00000010                   : pwm.obj (.text:PWMGenPeriodSet)
                  000013f4    00000010                   : systick.obj (.text:SysTickPeriodSet)
                  00001404    0000000e                   : gpio.obj (.text:GPIOIntStatus)
                  00001412    0000000e     rtsv7M4_T_le_v4SPD16_eabi.lib : copy_decompress_none.c.obj (.text:decompress:none:__TI_decompress_none)
                  00001420    0000000c     driverlib.lib : gpio.obj (.text:GPIOIntEnable)
                  0000142c    0000000c                   : pwm.obj (.text:PWMGenEnable)
                  00001438    00000006                   : gpio.obj (.text:GPIOIntClear)
                  0000143e    00000006                   : gpio.obj (.text:GPIOPinRead)
                  00001444    00000006                   : gpio.obj (.text:GPIOPinWrite)
                  0000144a    00000006     startup_ccs.obj (.text:ResetISR)
                  00001450    00000006     driverlib.lib : sysctl.obj (.text:SysCtlDelay)
                  00001456    00000006                   : timer.obj (.text:TimerClockSourceSet)
                  0000145c    00000006                   : uart.obj (.text:UARTClockSourceSet)
                  00001462    00000004     rtsv7M4_T_le_v4SPD16_eabi.lib : pre_init.c.obj (.text:_system_pre_init)
                  00001466    00000004                                   : exit.c.obj (.text:abort:abort)

.const     0    0000146c    00000184     
                  0000146c    00000090     driverlib.lib : gpio.obj (.const:g_pui32GPIOBaseAddrs)
                  000014fc    00000070                   : interrupt.obj (.const)
                  0000156c    0000006c                   : sysctl.obj (.const:g_pui32Xtals)
                  000015d8    0000000c     uartstdio.obj (.const:g_ui32UARTBase)
                  000015e4    0000000c     uartstdio.obj (.const:g_ui32UARTPeriph)

.cinit     0    000015f0    0000001c     
                  000015f0    0000000b     (.cinit..data.load) [load image, compression = lzss]
                  000015fb    00000001     --HOLE-- [fill = 0]
                  000015fc    00000008     (__TI_handler_table)
                  00001604    00000008     (__TI_cinit_table)

.init_array 
*          0    00000000    00000000     UNINITIALIZED

.data      0    20000100    0000000c     UNINITIALIZED
                  20000100    00000005     uartstdio.obj (.data)
                  20000105    00000003     --HOLE--
                  20000108    00000004     main.obj (.data)

.stack     0    20000000    00000100     UNINITIALIZED
                  20000000    00000004     rtsv7M4_T_le_v4SPD16_eabi.lib : boot_cortex_m.c.obj (.stack)
                  20000004    000000fc     --HOLE--

MODULE SUMMARY

       Module                       code   ro data   rw data
       ------                       ----   -------   -------
    ./
       System.obj                   1822   0         0      
       startup_ccs.obj              12     620       0      
       main.obj                     464    0         4      
    +--+----------------------------+------+---------+---------+
       Total:                       2298   620       4      
                                                            
    ./utils/
       uartstdio.obj                684    24        5      
    +--+----------------------------+------+---------+---------+
       Total:                       684    24        5      
                                                            
    /home/sdev/ti/SW-TM4C-2.1.4.178/driverlib/ccs/Debug/driverlib.lib
       gpio.obj                     568    144       0      
       sysctl.obj                   298    108       0      
       interrupt.obj                104    112       0      
       pwm.obj                      110    0         0      
       systick.obj                  56     0         0      
       timer.obj                    6      0         0      
       uart.obj                     6      0         0      
    +--+----------------------------+------+---------+---------+
       Total:                       1148   364       0      
                                                            
    /home/sdev/ti/ccsv8/tools/compiler/ti-cgt-arm_18.1.1.LTS/lib/rtsv7M4_T_le_v4SPD16_eabi.lib
       memcpy_t2.asm.obj            156    0         0      
       copy_decompress_lzss.c.obj   104    0         0      
       autoinit.c.obj               68     0         0      
       u_divt2.asm.obj              64     0         0      
       boot_cortex_m.c.obj          56     0         0      
       copy_decompress_none.c.obj   14     0         0      
       exit.c.obj                   4      0         0      
       pre_init.c.obj               4      0         0      
       div0.asm.obj                 2      0         0      
    +--+----------------------------+------+---------+---------+
       Total:                       472    0         0      
                                                            
       Stack:                       0      0         256    
       Linker Generated:            0      27        0      
    +--+----------------------------+------+---------+---------+
       Grand Total:                 4602   1035      265    


LINKER GENERATED COPY TABLES

__TI_cinit_table @ 00001604 records: 1, size/record: 8, table size: 8
	.data: load addr=000015f0, load size=0000000b bytes, run addr=20000100, run size=0000000c bytes, compression=lzss


LINKER GENERATED HANDLER TABLE

__TI_handler_table @ 000015fc records: 2, size/record: 4, table size: 8
	index: 0, handler: __TI_decompress_lzss
	index: 1, handler: __TI_decompress_none


GLOBAL SYMBOLS: SORTED ALPHABETICALLY BY Name 

address   name                          
-------   ----                          
00001467  C$$EXIT                       
00001205  GPIODirModeSet                
00001439  GPIOIntClear                  
00001421  GPIOIntEnable                 
00001405  GPIOIntStatus                 
00000f61  GPIOIntTypeSet                
000009bd  GPIOPadConfigSet              
00001005  GPIOPinConfigure              
0000143f  GPIOPinRead                   
000013c1  GPIOPinTypePWM                
00001445  GPIOPinWrite                  
00000e31  IntEnable                     
0000122f  PWMGenConfigure               
0000142d  PWMGenEnable                  
000013e5  PWMGenPeriodSet               
000013d3  PWMOutputState                
00001271  PWMPulseWidthSet              
00000cd9  PortFIntHandler               
0000144b  ResetISR                      
00000af1  SysCtlClockGet                
00001451  SysCtlDelay                   
00001385  SysCtlPWMClockSet             
00001399  SysTickEnable                 
000013ad  SysTickIntEnable              
00001251  SysTickIntHandler             
000013f5  SysTickPeriodSet              
00001291  Timer0IntHandler              
000012ad  Timer1IntHandler              
000012c9  Timer2IntHandler              
000012e5  Timer3IntHandler              
00001301  Timer4IntHandler              
0000131d  Timer5IntHandler              
00001457  TimerClockSourceSet           
0000145d  UARTClockSourceSet            
00000f01  UARTStdioConfig               
00001339  UARTprintf                    
000004b9  UARTvprintf                   
0000104d  UARTwrite                     
20000100  __STACK_END                   
00000100  __STACK_SIZE                  
20000100  __STACK_TOP                   
00001604  __TI_CINIT_Base               
0000160c  __TI_CINIT_Limit              
000015fc  __TI_Handler_Table_Base       
00001604  __TI_Handler_Table_Limit      
000010dd  __TI_auto_init_nobinit_nopinit
00000e99  __TI_decompress_lzss          
00001413  __TI_decompress_none          
ffffffff  __TI_pprof_out_hndl           
ffffffff  __TI_prof_data_size           
ffffffff  __TI_prof_data_start          
00000000  __TI_static_base__            
0000128f  __aeabi_idiv0                 
0000128f  __aeabi_ldiv0                 
00000d95  __aeabi_memcpy                
00000d95  __aeabi_memcpy4               
00000d95  __aeabi_memcpy8               
00001161  __aeabi_uidiv                 
00001161  __aeabi_uidivmod              
ffffffff  __binit__                     
ffffffff  __c_args__                    
UNDEFED   __mpu_init                    
20000000  __stack                       
000011a1  _c_int00_noargs               
UNDEFED   _system_post_cinit            
00001463  _system_pre_init              
00001467  abort                         
ffffffff  binit                         
00001355  cfg_clock                     
000011d9  cfg_interrupt                 
00000c01  cfg_peripheral                
00001095  cfg_port                      
00000859  cfg_pwm                       
0000136d  cfg_systick                   
000006a5  cfg_timer                     
0000026d  cfg_uart                      
00000000  g_pfnVectors                  
00001121  init                          
20000108  k                             
00000fb9  main                          
00000d95  memcpy                        


GLOBAL SYMBOLS: SORTED BY Symbol Address 

address   name                          
-------   ----                          
00000000  __TI_static_base__            
00000000  g_pfnVectors                  
00000100  __STACK_SIZE                  
0000026d  cfg_uart                      
000004b9  UARTvprintf                   
000006a5  cfg_timer                     
00000859  cfg_pwm                       
000009bd  GPIOPadConfigSet              
00000af1  SysCtlClockGet                
00000c01  cfg_peripheral                
00000cd9  PortFIntHandler               
00000d95  __aeabi_memcpy                
00000d95  __aeabi_memcpy4               
00000d95  __aeabi_memcpy8               
00000d95  memcpy                        
00000e31  IntEnable                     
00000e99  __TI_decompress_lzss          
00000f01  UARTStdioConfig               
00000f61  GPIOIntTypeSet                
00000fb9  main                          
00001005  GPIOPinConfigure              
0000104d  UARTwrite                     
00001095  cfg_port                      
000010dd  __TI_auto_init_nobinit_nopinit
00001121  init                          
00001161  __aeabi_uidiv                 
00001161  __aeabi_uidivmod              
000011a1  _c_int00_noargs               
000011d9  cfg_interrupt                 
00001205  GPIODirModeSet                
0000122f  PWMGenConfigure               
00001251  SysTickIntHandler             
00001271  PWMPulseWidthSet              
0000128f  __aeabi_idiv0                 
0000128f  __aeabi_ldiv0                 
00001291  Timer0IntHandler              
000012ad  Timer1IntHandler              
000012c9  Timer2IntHandler              
000012e5  Timer3IntHandler              
00001301  Timer4IntHandler              
0000131d  Timer5IntHandler              
00001339  UARTprintf                    
00001355  cfg_clock                     
0000136d  cfg_systick                   
00001385  SysCtlPWMClockSet             
00001399  SysTickEnable                 
000013ad  SysTickIntEnable              
000013c1  GPIOPinTypePWM                
000013d3  PWMOutputState                
000013e5  PWMGenPeriodSet               
000013f5  SysTickPeriodSet              
00001405  GPIOIntStatus                 
00001413  __TI_decompress_none          
00001421  GPIOIntEnable                 
0000142d  PWMGenEnable                  
00001439  GPIOIntClear                  
0000143f  GPIOPinRead                   
00001445  GPIOPinWrite                  
0000144b  ResetISR                      
00001451  SysCtlDelay                   
00001457  TimerClockSourceSet           
0000145d  UARTClockSourceSet            
00001463  _system_pre_init              
00001467  C$$EXIT                       
00001467  abort                         
000015fc  __TI_Handler_Table_Base       
00001604  __TI_CINIT_Base               
00001604  __TI_Handler_Table_Limit      
0000160c  __TI_CINIT_Limit              
20000000  __stack                       
20000100  __STACK_END                   
20000100  __STACK_TOP                   
20000108  k                             
ffffffff  __TI_pprof_out_hndl           
ffffffff  __TI_prof_data_size           
ffffffff  __TI_prof_data_start          
ffffffff  __binit__                     
ffffffff  __c_args__                    
ffffffff  binit                         
UNDEFED   __mpu_init                    
UNDEFED   _system_post_cinit            

[81 symbols]
