******************************************************************************
                  TI ARM Linker Unix v18.1.1                   
******************************************************************************
>> Linked Sun May  6 16:02:02 2018

OUTPUT FILE NAME:   <TM4C123_delta-slavers.out>
ENTRY POINT SYMBOL: "_c_int00_noargs"  address: 00001201


MEMORY CONFIGURATION

         name            origin    length      used     unused   attr    fill
----------------------  --------  ---------  --------  --------  ----  --------
  FLASH                 00000000   00040000  00001644  0003e9bc  R  X
  SRAM                  20000000   00008000  00000115  00007eeb  RW X


SEGMENT ALLOCATION MAP

run origin  load origin   length   init length attrs members
----------  ----------- ---------- ----------- ----- -------
00000000    00000000    00001644   00001644    r-x
  00000000    00000000    0000026c   0000026c    r-- .intvecs
  0000026c    0000026c    000012a0   000012a0    r-x .text
  0000150c    0000150c    00000114   00000114    r-- .const
  00001620    00001620    00000024   00000024    r-- .cinit
20000000    20000000    00000115   00000000    rw-
  20000000    20000000    00000100   00000000    rw- .stack
  20000100    20000100    00000015   00000000    rw- .data


SECTION ALLOCATION MAP

 output                                  attributes/
section   page    origin      length       input sections
--------  ----  ----------  ----------   ----------------
.intvecs   0    00000000    0000026c     
                  00000000    0000026c     startup_ccs.obj (.intvecs)

.text      0    0000026c    000012a0     
                  0000026c    00000218     System.obj (.text:cfg_uart)
                  00000484    000001ea     uartstdio.obj (.text:UARTvprintf)
                  0000066e    00000002     startup_ccs.obj (.text:FaultISR)
                  00000670    000001cc     System.obj (.text:cfg_timer)
                  0000083c    0000016c     System.obj (.text:cfg_pwm)
                  000009a8    00000132     driverlib.lib : gpio.obj (.text:GPIOPadConfigSet)
                  00000ada    00000002     startup_ccs.obj (.text:IntDefaultHandler)
                  00000adc    00000110     driverlib.lib : sysctl.obj (.text:SysCtlClockGet)
                  00000bec    000000e8     System.obj (.text:cfg_peripheral)
                  00000cd4    000000c0     System.obj (.text:cfg_qei)
                  00000d94    0000009c     rtsv7M4_T_le_v4SPD16_eabi.lib : memcpy_t2.asm.obj (.text)
                  00000e30    00000098     System.obj (.text:cfg_port)
                  00000ec8    00000080     main.obj (.text:main)
                  00000f48    00000068     rtsv7M4_T_le_v4SPD16_eabi.lib : copy_decompress_lzss.c.obj (.text:decompress:lzss:__TI_decompress_lzss)
                  00000fb0    00000060     uartstdio.obj (.text:UARTStdioConfig)
                  00001010    00000050     main.obj (.text:PortFIntHandler)
                  00001060    0000004c     PIDPosistion.obj (.text:MotorController)
                  000010ac    00000048     driverlib.lib : gpio.obj (.text:GPIOPinConfigure)
                  000010f4    00000048     uartstdio.obj (.text:UARTwrite)
                  0000113c    00000044     rtsv7M4_T_le_v4SPD16_eabi.lib : autoinit.c.obj (.text:__TI_auto_init_nobinit_nopinit:__TI_auto_init_nobinit_nopinit)
                  00001180    00000040     System.obj (.text:init)
                  000011c0    00000040     rtsv7M4_T_le_v4SPD16_eabi.lib : u_divt2.asm.obj (.text)
                  00001200    00000038                                   : boot_cortex_m.c.obj (.text:_c_int00_noargs:_c_int00_noargs)
                  00001238    0000002a     driverlib.lib : gpio.obj (.text:GPIODirModeSet)
                  00001262    00000022                   : pwm.obj (.text:PWMGenConfigure)
                  00001284    00000020     main.obj (.text:SysTickIntHandler)
                  000012a4    0000001e     driverlib.lib : pwm.obj (.text:PWMPulseWidthSet)
                  000012c2    00000002     startup_ccs.obj (.text:NmiSR)
                  000012c4    0000001c     main.obj (.text:Timer0IntHandler)
                  000012e0    0000001c     main.obj (.text:Timer1IntHandler)
                  000012fc    0000001c     main.obj (.text:Timer2IntHandler)
                  00001318    0000001c     main.obj (.text:Timer3IntHandler)
                  00001334    0000001c     main.obj (.text:Timer4IntHandler)
                  00001350    0000001c     main.obj (.text:Timer5IntHandler)
                  0000136c    0000001a     uartstdio.obj (.text:UARTprintf)
                  00001386    00000018     driverlib.lib : gpio.obj (.text:GPIOPinTypeGPIOOutput)
                  0000139e    00000002     rtsv7M4_T_le_v4SPD16_eabi.lib : div0.asm.obj (.text)
                  000013a0    00000018     System.obj (.text:cfg_clock)
                  000013b8    00000016     System.obj (.text:cfg_systick)
                  000013ce    00000002     --HOLE-- [fill = 0]
                  000013d0    00000014     driverlib.lib : systick.obj (.text:SysTickEnable)
                  000013e4    00000014                   : systick.obj (.text:SysTickIntEnable)
                  000013f8    00000012                   : gpio.obj (.text:GPIOPinTypePWM)
                  0000140a    00000012                   : gpio.obj (.text:GPIOPinTypeQEI)
                  0000141c    00000012                   : pwm.obj (.text:PWMOutputState)
                  0000142e    00000010                   : pwm.obj (.text:PWMGenPeriodSet)
                  0000143e    00000010                   : qei.obj (.text:QEIVelocityConfigure)
                  0000144e    00000002     --HOLE-- [fill = 0]
                  00001450    00000010                   : systick.obj (.text:SysTickPeriodSet)
                  00001460    0000000e                   : gpio.obj (.text:GPIOIntStatus)
                  0000146e    0000000e                   : qei.obj (.text:QEIConfigure)
                  0000147c    0000000e     rtsv7M4_T_le_v4SPD16_eabi.lib : copy_decompress_none.c.obj (.text:decompress:none:__TI_decompress_none)
                  0000148a    0000000c     driverlib.lib : pwm.obj (.text:PWMGenEnable)
                  00001496    00000002     --HOLE-- [fill = 0]
                  00001498    0000000c     main.obj (.text:PortBIntHandler)
                  000014a4    0000000c     main.obj (.text:UART0IntHandler)
                  000014b0    0000000a     driverlib.lib : qei.obj (.text:QEIDisable)
                  000014ba    0000000a                   : qei.obj (.text:QEIEnable)
                  000014c4    0000000a                   : qei.obj (.text:QEIVelocityEnable)
                  000014ce    00000006                   : gpio.obj (.text:GPIOIntClear)
                  000014d4    00000006                   : gpio.obj (.text:GPIOPinRead)
                  000014da    00000006                   : gpio.obj (.text:GPIOPinWrite)
                  000014e0    00000006     startup_ccs.obj (.text:ResetISR)
                  000014e6    00000006     driverlib.lib : sysctl.obj (.text:SysCtlDelay)
                  000014ec    00000006                   : timer.obj (.text:TimerClockSourceSet)
                  000014f2    00000006                   : uart.obj (.text:UARTClockSourceSet)
                  000014f8    00000004                   : qei.obj (.text:QEIPositionGet)
                  000014fc    00000004                   : qei.obj (.text:QEIPositionSet)
                  00001500    00000004                   : uart.obj (.text:UARTIntClear)
                  00001504    00000004     rtsv7M4_T_le_v4SPD16_eabi.lib : pre_init.c.obj (.text:_system_pre_init)
                  00001508    00000004                                   : exit.c.obj (.text:abort:abort)

.const     0    0000150c    00000114     
                  0000150c    00000090     driverlib.lib : gpio.obj (.const:g_pui32GPIOBaseAddrs)
                  0000159c    0000006c                   : sysctl.obj (.const:g_pui32Xtals)
                  00001608    0000000c     uartstdio.obj (.const:g_ui32UARTBase)
                  00001614    0000000c     uartstdio.obj (.const:g_ui32UARTPeriph)

.cinit     0    00001620    00000024     
                  00001620    00000011     (.cinit..data.load) [load image, compression = lzss]
                  00001631    00000003     --HOLE-- [fill = 0]
                  00001634    00000008     (__TI_handler_table)
                  0000163c    00000008     (__TI_cinit_table)

.init_array 
*          0    00000000    00000000     UNINITIALIZED

.data      0    20000100    00000015     UNINITIALIZED
                  20000100    00000010     main.obj (.data)
                  20000110    00000005     uartstdio.obj (.data)

.stack     0    20000000    00000100     UNINITIALIZED
                  20000000    00000004     rtsv7M4_T_le_v4SPD16_eabi.lib : boot_cortex_m.c.obj (.stack)
                  20000004    000000fc     --HOLE--

MODULE SUMMARY

       Module                       code   ro data   rw data
       ------                       ----   -------   -------
    ./
       System.obj                   2046   0         0      
       startup_ccs.obj              12     620       0      
       main.obj                     432    0         16     
       PIDPosistion.obj             76     0         0      
    +--+----------------------------+------+---------+---------+
       Total:                       2566   620       16     
                                                            
    ./utils/
       uartstdio.obj                684    24        5      
    +--+----------------------------+------+---------+---------+
       Total:                       684    24        5      
                                                            
    /home/sdev/ti/SW-TM4C-2.1.4.178/driverlib/ccs/Debug/driverlib.lib
       gpio.obj                     512    144       0      
       sysctl.obj                   278    108       0      
       pwm.obj                      110    0         0      
       qei.obj                      68     0         0      
       systick.obj                  56     0         0      
       uart.obj                     10     0         0      
       timer.obj                    6      0         0      
    +--+----------------------------+------+---------+---------+
       Total:                       1040   252       0      
                                                            
    /home/sdev/ti/ccsv8/tools/compiler/ti-cgt-arm_18.1.1.LTS/lib/rtsv7M4_T_le_v4SPD16_eabi.lib
       memcpy_t2.asm.obj            156    0         0      
       copy_decompress_lzss.c.obj   104    0         0      
       autoinit.c.obj               68     0         0      
       u_divt2.asm.obj              64     0         0      
       boot_cortex_m.c.obj          56     0         0      
       copy_decompress_none.c.obj   14     0         0      
       exit.c.obj                   4      0         0      
       pre_init.c.obj               4      0         0      
       div0.asm.obj                 2      0         0      
    +--+----------------------------+------+---------+---------+
       Total:                       472    0         0      
                                                            
       Stack:                       0      0         256    
       Linker Generated:            0      33        0      
    +--+----------------------------+------+---------+---------+
       Grand Total:                 4762   929       277    


LINKER GENERATED COPY TABLES

__TI_cinit_table @ 0000163c records: 1, size/record: 8, table size: 8
	.data: load addr=00001620, load size=00000011 bytes, run addr=20000100, run size=00000015 bytes, compression=lzss


LINKER GENERATED HANDLER TABLE

__TI_handler_table @ 00001634 records: 2, size/record: 4, table size: 8
	index: 0, handler: __TI_decompress_lzss
	index: 1, handler: __TI_decompress_none


GLOBAL SYMBOLS: SORTED ALPHABETICALLY BY Name 

address   name                          
-------   ----                          
00001509  C$$EXIT                       
00001239  GPIODirModeSet                
000014cf  GPIOIntClear                  
00001461  GPIOIntStatus                 
000009a9  GPIOPadConfigSet              
000010ad  GPIOPinConfigure              
000014d5  GPIOPinRead                   
00001387  GPIOPinTypeGPIOOutput         
000013f9  GPIOPinTypePWM                
0000140b  GPIOPinTypeQEI                
000014db  GPIOPinWrite                  
00001061  MotorController               
00001263  PWMGenConfigure               
0000148b  PWMGenEnable                  
0000142f  PWMGenPeriodSet               
0000141d  PWMOutputState                
000012a5  PWMPulseWidthSet              
00001499  PortBIntHandler               
00001011  PortFIntHandler               
0000146f  QEIConfigure                  
000014b1  QEIDisable                    
000014bb  QEIEnable                     
000014f9  QEIPositionGet                
000014fd  QEIPositionSet                
0000143f  QEIVelocityConfigure          
000014c5  QEIVelocityEnable             
000014e1  ResetISR                      
00000add  SysCtlClockGet                
000014e7  SysCtlDelay                   
000013d1  SysTickEnable                 
000013e5  SysTickIntEnable              
00001285  SysTickIntHandler             
00001451  SysTickPeriodSet              
000012c5  Timer0IntHandler              
000012e1  Timer1IntHandler              
000012fd  Timer2IntHandler              
00001319  Timer3IntHandler              
00001335  Timer4IntHandler              
00001351  Timer5IntHandler              
000014ed  TimerClockSourceSet           
000014a5  UART0IntHandler               
000014f3  UARTClockSourceSet            
00001501  UARTIntClear                  
00000fb1  UARTStdioConfig               
0000136d  UARTprintf                    
00000485  UARTvprintf                   
000010f5  UARTwrite                     
20000100  __STACK_END                   
00000100  __STACK_SIZE                  
20000100  __STACK_TOP                   
0000163c  __TI_CINIT_Base               
00001644  __TI_CINIT_Limit              
00001634  __TI_Handler_Table_Base       
0000163c  __TI_Handler_Table_Limit      
0000113d  __TI_auto_init_nobinit_nopinit
00000f49  __TI_decompress_lzss          
0000147d  __TI_decompress_none          
ffffffff  __TI_pprof_out_hndl           
ffffffff  __TI_prof_data_size           
ffffffff  __TI_prof_data_start          
00000000  __TI_static_base__            
0000139f  __aeabi_idiv0                 
0000139f  __aeabi_ldiv0                 
00000d95  __aeabi_memcpy                
00000d95  __aeabi_memcpy4               
00000d95  __aeabi_memcpy8               
000011c1  __aeabi_uidiv                 
000011c1  __aeabi_uidivmod              
ffffffff  __binit__                     
ffffffff  __c_args__                    
UNDEFED   __mpu_init                    
20000000  __stack                       
00001201  _c_int00_noargs               
UNDEFED   _system_post_cinit            
00001505  _system_pre_init              
00001509  abort                         
ffffffff  binit                         
000013a1  cfg_clock                     
00000bed  cfg_peripheral                
00000e31  cfg_port                      
0000083d  cfg_pwm                       
00000cd5  cfg_qei                       
000013b9  cfg_systick                   
00000671  cfg_timer                     
0000026d  cfg_uart                      
20000104  count                         
00000000  g_pfnVectors                  
00001181  init                          
00000ec9  main                          
00000d95  memcpy                        
2000010c  mode                          
20000108  mycount                       
20000100  pos                           


GLOBAL SYMBOLS: SORTED BY Symbol Address 

address   name                          
-------   ----                          
00000000  __TI_static_base__            
00000000  g_pfnVectors                  
00000100  __STACK_SIZE                  
0000026d  cfg_uart                      
00000485  UARTvprintf                   
00000671  cfg_timer                     
0000083d  cfg_pwm                       
000009a9  GPIOPadConfigSet              
00000add  SysCtlClockGet                
00000bed  cfg_peripheral                
00000cd5  cfg_qei                       
00000d95  __aeabi_memcpy                
00000d95  __aeabi_memcpy4               
00000d95  __aeabi_memcpy8               
00000d95  memcpy                        
00000e31  cfg_port                      
00000ec9  main                          
00000f49  __TI_decompress_lzss          
00000fb1  UARTStdioConfig               
00001011  PortFIntHandler               
00001061  MotorController               
000010ad  GPIOPinConfigure              
000010f5  UARTwrite                     
0000113d  __TI_auto_init_nobinit_nopinit
00001181  init                          
000011c1  __aeabi_uidiv                 
000011c1  __aeabi_uidivmod              
00001201  _c_int00_noargs               
00001239  GPIODirModeSet                
00001263  PWMGenConfigure               
00001285  SysTickIntHandler             
000012a5  PWMPulseWidthSet              
000012c5  Timer0IntHandler              
000012e1  Timer1IntHandler              
000012fd  Timer2IntHandler              
00001319  Timer3IntHandler              
00001335  Timer4IntHandler              
00001351  Timer5IntHandler              
0000136d  UARTprintf                    
00001387  GPIOPinTypeGPIOOutput         
0000139f  __aeabi_idiv0                 
0000139f  __aeabi_ldiv0                 
000013a1  cfg_clock                     
000013b9  cfg_systick                   
000013d1  SysTickEnable                 
000013e5  SysTickIntEnable              
000013f9  GPIOPinTypePWM                
0000140b  GPIOPinTypeQEI                
0000141d  PWMOutputState                
0000142f  PWMGenPeriodSet               
0000143f  QEIVelocityConfigure          
00001451  SysTickPeriodSet              
00001461  GPIOIntStatus                 
0000146f  QEIConfigure                  
0000147d  __TI_decompress_none          
0000148b  PWMGenEnable                  
00001499  PortBIntHandler               
000014a5  UART0IntHandler               
000014b1  QEIDisable                    
000014bb  QEIEnable                     
000014c5  QEIVelocityEnable             
000014cf  GPIOIntClear                  
000014d5  GPIOPinRead                   
000014db  GPIOPinWrite                  
000014e1  ResetISR                      
000014e7  SysCtlDelay                   
000014ed  TimerClockSourceSet           
000014f3  UARTClockSourceSet            
000014f9  QEIPositionGet                
000014fd  QEIPositionSet                
00001501  UARTIntClear                  
00001505  _system_pre_init              
00001509  C$$EXIT                       
00001509  abort                         
00001634  __TI_Handler_Table_Base       
0000163c  __TI_CINIT_Base               
0000163c  __TI_Handler_Table_Limit      
00001644  __TI_CINIT_Limit              
20000000  __stack                       
20000100  __STACK_END                   
20000100  __STACK_TOP                   
20000100  pos                           
20000104  count                         
20000108  mycount                       
2000010c  mode                          
ffffffff  __TI_pprof_out_hndl           
ffffffff  __TI_prof_data_size           
ffffffff  __TI_prof_data_start          
ffffffff  __binit__                     
ffffffff  __c_args__                    
ffffffff  binit                         
UNDEFED   __mpu_init                    
UNDEFED   _system_post_cinit            

[93 symbols]
