<?xml version="1.0" encoding="ISO-8859-1" ?>
<link_info>
   <banner>TI ARM Linker Unix v18.1.1.LTS</banner>
   <copyright>Copyright (c) 1996-2017 Texas Instruments Incorporated</copyright>
   <link_time>0x5aeec48a</link_time>
   <link_errors>0x0</link_errors>
   <output_file>TM4C123_delta-slavers.out</output_file>
   <entry_point>
      <name>_c_int00_noargs</name>
      <address>0x1201</address>
   </entry_point>
   <input_file_list>
      <input_file id="fl-1">
         <path>./</path>
         <kind>object</kind>
         <file>PIDPosistion.obj</file>
         <name>PIDPosistion.obj</name>
      </input_file>
      <input_file id="fl-2">
         <path>./</path>
         <kind>object</kind>
         <file>System.obj</file>
         <name>System.obj</name>
      </input_file>
      <input_file id="fl-3">
         <path>./</path>
         <kind>object</kind>
         <file>main.obj</file>
         <name>main.obj</name>
      </input_file>
      <input_file id="fl-4">
         <path>./</path>
         <kind>object</kind>
         <file>startup_ccs.obj</file>
         <name>startup_ccs.obj</name>
      </input_file>
      <input_file id="fl-5">
         <path>./utils/</path>
         <kind>object</kind>
         <file>cpu_usage.obj</file>
         <name>cpu_usage.obj</name>
      </input_file>
      <input_file id="fl-6">
         <path>./utils/</path>
         <kind>object</kind>
         <file>uartstdio.obj</file>
         <name>uartstdio.obj</name>
      </input_file>
      <input_file id="fl-7">
         <path>./utils/</path>
         <kind>object</kind>
         <file>ustdlib.obj</file>
         <name>ustdlib.obj</name>
      </input_file>
      <input_file id="fl-c">
         <kind>object</kind>
         <file>&lt;internal&gt;</file>
         <name>&lt;internal&gt;</name>
      </input_file>
      <input_file id="fl-c2">
         <path>/home/sdev/ti/ccsv8/tools/compiler/ti-cgt-arm_18.1.1.LTS/lib/</path>
         <kind>archive</kind>
         <file>rtsv7M4_T_le_v4SPD16_eabi.lib</file>
         <name>u_divt2.asm.obj</name>
      </input_file>
      <input_file id="fl-c3">
         <path>/home/sdev/ti/ccsv8/tools/compiler/ti-cgt-arm_18.1.1.LTS/lib/</path>
         <kind>archive</kind>
         <file>rtsv7M4_T_le_v4SPD16_eabi.lib</file>
         <name>copy_zero_init.c.obj</name>
      </input_file>
      <input_file id="fl-c4">
         <path>/home/sdev/ti/ccsv8/tools/compiler/ti-cgt-arm_18.1.1.LTS/lib/</path>
         <kind>archive</kind>
         <file>rtsv7M4_T_le_v4SPD16_eabi.lib</file>
         <name>copy_decompress_none.c.obj</name>
      </input_file>
      <input_file id="fl-c5">
         <path>/home/sdev/ti/ccsv8/tools/compiler/ti-cgt-arm_18.1.1.LTS/lib/</path>
         <kind>archive</kind>
         <file>rtsv7M4_T_le_v4SPD16_eabi.lib</file>
         <name>copy_decompress_lzss.c.obj</name>
      </input_file>
      <input_file id="fl-c6">
         <path>/home/sdev/ti/ccsv8/tools/compiler/ti-cgt-arm_18.1.1.LTS/lib/</path>
         <kind>archive</kind>
         <file>rtsv7M4_T_le_v4SPD16_eabi.lib</file>
         <name>boot_cortex_m.c.obj</name>
      </input_file>
      <input_file id="fl-c7">
         <path>/home/sdev/ti/ccsv8/tools/compiler/ti-cgt-arm_18.1.1.LTS/lib/</path>
         <kind>archive</kind>
         <file>rtsv7M4_T_le_v4SPD16_eabi.lib</file>
         <name>exit.c.obj</name>
      </input_file>
      <input_file id="fl-c8">
         <path>/home/sdev/ti/ccsv8/tools/compiler/ti-cgt-arm_18.1.1.LTS/lib/</path>
         <kind>archive</kind>
         <file>rtsv7M4_T_le_v4SPD16_eabi.lib</file>
         <name>_lock.c.obj</name>
      </input_file>
      <input_file id="fl-c9">
         <path>/home/sdev/ti/ccsv8/tools/compiler/ti-cgt-arm_18.1.1.LTS/lib/</path>
         <kind>archive</kind>
         <file>rtsv7M4_T_le_v4SPD16_eabi.lib</file>
         <name>args_main.c.obj</name>
      </input_file>
      <input_file id="fl-ca">
         <path>/home/sdev/ti/ccsv8/tools/compiler/ti-cgt-arm_18.1.1.LTS/lib/</path>
         <kind>archive</kind>
         <file>rtsv7M4_T_le_v4SPD16_eabi.lib</file>
         <name>div0.asm.obj</name>
      </input_file>
      <input_file id="fl-cb">
         <path>/home/sdev/ti/ccsv8/tools/compiler/ti-cgt-arm_18.1.1.LTS/lib/</path>
         <kind>archive</kind>
         <file>rtsv7M4_T_le_v4SPD16_eabi.lib</file>
         <name>memcpy_t2.asm.obj</name>
      </input_file>
      <input_file id="fl-cc">
         <path>/home/sdev/ti/ccsv8/tools/compiler/ti-cgt-arm_18.1.1.LTS/lib/</path>
         <kind>archive</kind>
         <file>rtsv7M4_T_le_v4SPD16_eabi.lib</file>
         <name>memset_t2.asm.obj</name>
      </input_file>
      <input_file id="fl-cd">
         <path>/home/sdev/ti/ccsv8/tools/compiler/ti-cgt-arm_18.1.1.LTS/lib/</path>
         <kind>archive</kind>
         <file>rtsv7M4_T_le_v4SPD16_eabi.lib</file>
         <name>autoinit.c.obj</name>
      </input_file>
      <input_file id="fl-ce">
         <path>/home/sdev/ti/ccsv8/tools/compiler/ti-cgt-arm_18.1.1.LTS/lib/</path>
         <kind>archive</kind>
         <file>rtsv7M4_T_le_v4SPD16_eabi.lib</file>
         <name>pre_init.c.obj</name>
      </input_file>
      <input_file id="fl-cf">
         <path>/home/sdev/ti/ccsv8/tools/compiler/ti-cgt-arm_18.1.1.LTS/lib/</path>
         <kind>archive</kind>
         <file>rtsv7M4_T_le_v4SPD16_eabi.lib</file>
         <name>cpy_tbl.c.obj</name>
      </input_file>
      <input_file id="fl-d0">
         <path>/home/sdev/ti/SW-TM4C-2.1.4.178/driverlib/ccs/Debug/</path>
         <kind>archive</kind>
         <file>driverlib.lib</file>
         <name>gpio.obj</name>
      </input_file>
      <input_file id="fl-d1">
         <path>/home/sdev/ti/SW-TM4C-2.1.4.178/driverlib/ccs/Debug/</path>
         <kind>archive</kind>
         <file>driverlib.lib</file>
         <name>interrupt.obj</name>
      </input_file>
      <input_file id="fl-d2">
         <path>/home/sdev/ti/SW-TM4C-2.1.4.178/driverlib/ccs/Debug/</path>
         <kind>archive</kind>
         <file>driverlib.lib</file>
         <name>pwm.obj</name>
      </input_file>
      <input_file id="fl-d3">
         <path>/home/sdev/ti/SW-TM4C-2.1.4.178/driverlib/ccs/Debug/</path>
         <kind>archive</kind>
         <file>driverlib.lib</file>
         <name>qei.obj</name>
      </input_file>
      <input_file id="fl-d4">
         <path>/home/sdev/ti/SW-TM4C-2.1.4.178/driverlib/ccs/Debug/</path>
         <kind>archive</kind>
         <file>driverlib.lib</file>
         <name>ssi.obj</name>
      </input_file>
      <input_file id="fl-d5">
         <path>/home/sdev/ti/SW-TM4C-2.1.4.178/driverlib/ccs/Debug/</path>
         <kind>archive</kind>
         <file>driverlib.lib</file>
         <name>sysctl.obj</name>
      </input_file>
      <input_file id="fl-d6">
         <path>/home/sdev/ti/SW-TM4C-2.1.4.178/driverlib/ccs/Debug/</path>
         <kind>archive</kind>
         <file>driverlib.lib</file>
         <name>systick.obj</name>
      </input_file>
      <input_file id="fl-d7">
         <path>/home/sdev/ti/SW-TM4C-2.1.4.178/driverlib/ccs/Debug/</path>
         <kind>archive</kind>
         <file>driverlib.lib</file>
         <name>timer.obj</name>
      </input_file>
      <input_file id="fl-d8">
         <path>/home/sdev/ti/SW-TM4C-2.1.4.178/driverlib/ccs/Debug/</path>
         <kind>archive</kind>
         <file>driverlib.lib</file>
         <name>uart.obj</name>
      </input_file>
      <input_file id="fl-d9">
         <path>/home/sdev/ti/SW-TM4C-2.1.4.178/driverlib/ccs/Debug/</path>
         <kind>archive</kind>
         <file>driverlib.lib</file>
         <name>cpu.obj</name>
      </input_file>
   </input_file_list>
   <object_component_list>
      <object_component id="oc-f">
         <name>.intvecs</name>
         <load_address>0x0</load_address>
         <run_address>0x0</run_address>
         <size>0x26c</size>
         <input_file_ref idref="fl-4"/>
      </object_component>
      <object_component id="oc-1df">
         <name>.text:cfg_uart</name>
         <load_address>0x26c</load_address>
         <run_address>0x26c</run_address>
         <size>0x218</size>
         <input_file_ref idref="fl-2"/>
      </object_component>
      <object_component id="oc-13a">
         <name>.text:UARTvprintf</name>
         <load_address>0x484</load_address>
         <run_address>0x484</run_address>
         <size>0x1ea</size>
         <input_file_ref idref="fl-6"/>
      </object_component>
      <object_component id="oc-30">
         <name>.text:FaultISR</name>
         <load_address>0x66e</load_address>
         <run_address>0x66e</run_address>
         <size>0x2</size>
         <input_file_ref idref="fl-4"/>
      </object_component>
      <object_component id="oc-1f1">
         <name>.text:cfg_timer</name>
         <load_address>0x670</load_address>
         <run_address>0x670</run_address>
         <size>0x1cc</size>
         <input_file_ref idref="fl-2"/>
      </object_component>
      <object_component id="oc-1e5">
         <name>.text:cfg_pwm</name>
         <load_address>0x83c</load_address>
         <run_address>0x83c</run_address>
         <size>0x16c</size>
         <input_file_ref idref="fl-2"/>
      </object_component>
      <object_component id="oc-2e7">
         <name>.text:GPIOPadConfigSet</name>
         <load_address>0x9a8</load_address>
         <run_address>0x9a8</run_address>
         <size>0x132</size>
         <input_file_ref idref="fl-d0"/>
      </object_component>
      <object_component id="oc-36">
         <name>.text:IntDefaultHandler</name>
         <load_address>0xada</load_address>
         <run_address>0xada</run_address>
         <size>0x2</size>
         <input_file_ref idref="fl-4"/>
      </object_component>
      <object_component id="oc-170">
         <name>.text:SysCtlClockGet</name>
         <load_address>0xadc</load_address>
         <run_address>0xadc</run_address>
         <size>0x110</size>
         <input_file_ref idref="fl-d5"/>
      </object_component>
      <object_component id="oc-1d3">
         <name>.text:cfg_peripheral</name>
         <load_address>0xbec</load_address>
         <run_address>0xbec</run_address>
         <size>0xe8</size>
         <input_file_ref idref="fl-2"/>
      </object_component>
      <object_component id="oc-1eb">
         <name>.text:cfg_qei</name>
         <load_address>0xcd4</load_address>
         <run_address>0xcd4</run_address>
         <size>0xc0</size>
         <input_file_ref idref="fl-2"/>
      </object_component>
      <object_component id="oc-86">
         <name>.text</name>
         <load_address>0xd94</load_address>
         <run_address>0xd94</run_address>
         <size>0x9c</size>
         <input_file_ref idref="fl-cb"/>
      </object_component>
      <object_component id="oc-1d9">
         <name>.text:cfg_port</name>
         <load_address>0xe30</load_address>
         <run_address>0xe30</run_address>
         <size>0x98</size>
         <input_file_ref idref="fl-2"/>
      </object_component>
      <object_component id="oc-117">
         <name>.text:main</name>
         <load_address>0xec8</load_address>
         <run_address>0xec8</run_address>
         <size>0x80</size>
         <input_file_ref idref="fl-3"/>
      </object_component>
      <object_component id="oc-12">
         <name>.text:decompress:lzss:__TI_decompress_lzss</name>
         <load_address>0xf48</load_address>
         <run_address>0xf48</run_address>
         <size>0x68</size>
         <input_file_ref idref="fl-c5"/>
      </object_component>
      <object_component id="oc-249">
         <name>.text:UARTStdioConfig</name>
         <load_address>0xfb0</load_address>
         <run_address>0xfb0</run_address>
         <size>0x60</size>
         <input_file_ref idref="fl-6"/>
      </object_component>
      <object_component id="oc-60">
         <name>.text:PortFIntHandler</name>
         <load_address>0x1010</load_address>
         <run_address>0x1010</run_address>
         <size>0x50</size>
         <input_file_ref idref="fl-3"/>
      </object_component>
      <object_component id="oc-16a">
         <name>.text:MotorController</name>
         <load_address>0x1060</load_address>
         <run_address>0x1060</run_address>
         <size>0x4c</size>
         <input_file_ref idref="fl-1"/>
      </object_component>
      <object_component id="oc-250">
         <name>.text:GPIOPinConfigure</name>
         <load_address>0x10ac</load_address>
         <run_address>0x10ac</run_address>
         <size>0x48</size>
         <input_file_ref idref="fl-d0"/>
      </object_component>
      <object_component id="oc-1bd">
         <name>.text:UARTwrite</name>
         <load_address>0x10f4</load_address>
         <run_address>0x10f4</run_address>
         <size>0x48</size>
         <input_file_ref idref="fl-6"/>
      </object_component>
      <object_component id="oc-187">
         <name>.text:__TI_auto_init_nobinit_nopinit:__TI_auto_init_nobinit_nopinit</name>
         <load_address>0x113c</load_address>
         <run_address>0x113c</run_address>
         <size>0x44</size>
         <input_file_ref idref="fl-cd"/>
      </object_component>
      <object_component id="oc-15e">
         <name>.text:init</name>
         <load_address>0x1180</load_address>
         <run_address>0x1180</run_address>
         <size>0x40</size>
         <input_file_ref idref="fl-2"/>
      </object_component>
      <object_component id="oc-1c3">
         <name>.text</name>
         <load_address>0x11c0</load_address>
         <run_address>0x11c0</run_address>
         <size>0x40</size>
         <input_file_ref idref="fl-c2"/>
      </object_component>
      <object_component id="oc-a4">
         <name>.text:_c_int00_noargs:_c_int00_noargs</name>
         <load_address>0x1200</load_address>
         <run_address>0x1200</run_address>
         <size>0x38</size>
         <input_file_ref idref="fl-c6"/>
      </object_component>
      <object_component id="oc-2ed">
         <name>.text:GPIODirModeSet</name>
         <load_address>0x1238</load_address>
         <run_address>0x1238</run_address>
         <size>0x2a</size>
         <input_file_ref idref="fl-d0"/>
      </object_component>
      <object_component id="oc-25c">
         <name>.text:PWMGenConfigure</name>
         <load_address>0x1262</load_address>
         <run_address>0x1262</run_address>
         <size>0x22</size>
         <input_file_ref idref="fl-d2"/>
      </object_component>
      <object_component id="oc-3c">
         <name>.text:SysTickIntHandler</name>
         <load_address>0x1284</load_address>
         <run_address>0x1284</run_address>
         <size>0x20</size>
         <input_file_ref idref="fl-3"/>
      </object_component>
      <object_component id="oc-200">
         <name>.text:PWMPulseWidthSet</name>
         <load_address>0x12a4</load_address>
         <run_address>0x12a4</run_address>
         <size>0x1e</size>
         <input_file_ref idref="fl-d2"/>
      </object_component>
      <object_component id="oc-2a">
         <name>.text:NmiSR</name>
         <load_address>0x12c2</load_address>
         <run_address>0x12c2</run_address>
         <size>0x2</size>
         <input_file_ref idref="fl-4"/>
      </object_component>
      <object_component id="oc-4e">
         <name>.text:Timer0IntHandler</name>
         <load_address>0x12c4</load_address>
         <run_address>0x12c4</run_address>
         <size>0x1c</size>
         <input_file_ref idref="fl-3"/>
      </object_component>
      <object_component id="oc-54">
         <name>.text:Timer1IntHandler</name>
         <load_address>0x12e0</load_address>
         <run_address>0x12e0</run_address>
         <size>0x1c</size>
         <input_file_ref idref="fl-3"/>
      </object_component>
      <object_component id="oc-5a">
         <name>.text:Timer2IntHandler</name>
         <load_address>0x12fc</load_address>
         <run_address>0x12fc</run_address>
         <size>0x1c</size>
         <input_file_ref idref="fl-3"/>
      </object_component>
      <object_component id="oc-66">
         <name>.text:Timer3IntHandler</name>
         <load_address>0x1318</load_address>
         <run_address>0x1318</run_address>
         <size>0x1c</size>
         <input_file_ref idref="fl-3"/>
      </object_component>
      <object_component id="oc-6c">
         <name>.text:Timer4IntHandler</name>
         <load_address>0x1334</load_address>
         <run_address>0x1334</run_address>
         <size>0x1c</size>
         <input_file_ref idref="fl-3"/>
      </object_component>
      <object_component id="oc-72">
         <name>.text:Timer5IntHandler</name>
         <load_address>0x1350</load_address>
         <run_address>0x1350</run_address>
         <size>0x1c</size>
         <input_file_ref idref="fl-3"/>
      </object_component>
      <object_component id="oc-e0">
         <name>.text:UARTprintf</name>
         <load_address>0x136c</load_address>
         <run_address>0x136c</run_address>
         <size>0x1a</size>
         <input_file_ref idref="fl-6"/>
      </object_component>
      <object_component id="oc-23c">
         <name>.text:GPIOPinTypeGPIOOutput</name>
         <load_address>0x1386</load_address>
         <run_address>0x1386</run_address>
         <size>0x18</size>
         <input_file_ref idref="fl-d0"/>
      </object_component>
      <object_component id="oc-234">
         <name>.text</name>
         <load_address>0x139e</load_address>
         <run_address>0x139e</run_address>
         <size>0x2</size>
         <input_file_ref idref="fl-ca"/>
      </object_component>
      <object_component id="oc-1cd">
         <name>.text:cfg_clock</name>
         <load_address>0x13a0</load_address>
         <run_address>0x13a0</run_address>
         <size>0x18</size>
         <input_file_ref idref="fl-2"/>
      </object_component>
      <object_component id="oc-1f7">
         <name>.text:cfg_systick</name>
         <load_address>0x13b8</load_address>
         <run_address>0x13b8</run_address>
         <size>0x16</size>
         <input_file_ref idref="fl-2"/>
      </object_component>
      <object_component id="oc-2b3">
         <name>.text:SysTickEnable</name>
         <load_address>0x13d0</load_address>
         <run_address>0x13d0</run_address>
         <size>0x14</size>
         <input_file_ref idref="fl-d6"/>
      </object_component>
      <object_component id="oc-2ad">
         <name>.text:SysTickIntEnable</name>
         <load_address>0x13e4</load_address>
         <run_address>0x13e4</run_address>
         <size>0x14</size>
         <input_file_ref idref="fl-d6"/>
      </object_component>
      <object_component id="oc-256">
         <name>.text:GPIOPinTypePWM</name>
         <load_address>0x13f8</load_address>
         <run_address>0x13f8</run_address>
         <size>0x12</size>
         <input_file_ref idref="fl-d0"/>
      </object_component>
      <object_component id="oc-275">
         <name>.text:GPIOPinTypeQEI</name>
         <load_address>0x140a</load_address>
         <run_address>0x140a</run_address>
         <size>0x12</size>
         <input_file_ref idref="fl-d0"/>
      </object_component>
      <object_component id="oc-26e">
         <name>.text:PWMOutputState</name>
         <load_address>0x141c</load_address>
         <run_address>0x141c</run_address>
         <size>0x12</size>
         <input_file_ref idref="fl-d2"/>
      </object_component>
      <object_component id="oc-262">
         <name>.text:PWMGenPeriodSet</name>
         <load_address>0x142e</load_address>
         <run_address>0x142e</run_address>
         <size>0x10</size>
         <input_file_ref idref="fl-d2"/>
      </object_component>
      <object_component id="oc-281">
         <name>.text:QEIVelocityConfigure</name>
         <load_address>0x143e</load_address>
         <run_address>0x143e</run_address>
         <size>0x10</size>
         <input_file_ref idref="fl-d3"/>
      </object_component>
      <object_component id="oc-2a7">
         <name>.text:SysTickPeriodSet</name>
         <load_address>0x1450</load_address>
         <run_address>0x1450</run_address>
         <size>0x10</size>
         <input_file_ref idref="fl-d6"/>
      </object_component>
      <object_component id="oc-da">
         <name>.text:GPIOIntStatus</name>
         <load_address>0x1460</load_address>
         <run_address>0x1460</run_address>
         <size>0xe</size>
         <input_file_ref idref="fl-d0"/>
      </object_component>
      <object_component id="oc-28d">
         <name>.text:QEIConfigure</name>
         <load_address>0x146e</load_address>
         <run_address>0x146e</run_address>
         <size>0xe</size>
         <input_file_ref idref="fl-d3"/>
      </object_component>
      <object_component id="oc-18">
         <name>.text:decompress:none:__TI_decompress_none</name>
         <load_address>0x147c</load_address>
         <run_address>0x147c</run_address>
         <size>0xe</size>
         <input_file_ref idref="fl-c4"/>
      </object_component>
      <object_component id="oc-268">
         <name>.text:PWMGenEnable</name>
         <load_address>0x148a</load_address>
         <run_address>0x148a</run_address>
         <size>0xc</size>
         <input_file_ref idref="fl-d2"/>
      </object_component>
      <object_component id="oc-42">
         <name>.text:PortBIntHandler</name>
         <load_address>0x1498</load_address>
         <run_address>0x1498</run_address>
         <size>0xc</size>
         <input_file_ref idref="fl-3"/>
      </object_component>
      <object_component id="oc-48">
         <name>.text:UART0IntHandler</name>
         <load_address>0x14a4</load_address>
         <run_address>0x14a4</run_address>
         <size>0xc</size>
         <input_file_ref idref="fl-3"/>
      </object_component>
      <object_component id="oc-27b">
         <name>.text:QEIDisable</name>
         <load_address>0x14b0</load_address>
         <run_address>0x14b0</run_address>
         <size>0xa</size>
         <input_file_ref idref="fl-d3"/>
      </object_component>
      <object_component id="oc-299">
         <name>.text:QEIEnable</name>
         <load_address>0x14ba</load_address>
         <run_address>0x14ba</run_address>
         <size>0xa</size>
         <input_file_ref idref="fl-d3"/>
      </object_component>
      <object_component id="oc-287">
         <name>.text:QEIVelocityEnable</name>
         <load_address>0x14c4</load_address>
         <run_address>0x14c4</run_address>
         <size>0xa</size>
         <input_file_ref idref="fl-d3"/>
      </object_component>
      <object_component id="oc-c9">
         <name>.text:GPIOIntClear</name>
         <load_address>0x14ce</load_address>
         <run_address>0x14ce</run_address>
         <size>0x6</size>
         <input_file_ref idref="fl-d0"/>
      </object_component>
      <object_component id="oc-bc">
         <name>.text:GPIOPinRead</name>
         <load_address>0x14d4</load_address>
         <run_address>0x14d4</run_address>
         <size>0x6</size>
         <input_file_ref idref="fl-d0"/>
      </object_component>
      <object_component id="oc-c2">
         <name>.text:GPIOPinWrite</name>
         <load_address>0x14da</load_address>
         <run_address>0x14da</run_address>
         <size>0x6</size>
         <input_file_ref idref="fl-d0"/>
      </object_component>
      <object_component id="oc-24">
         <name>.text:ResetISR</name>
         <load_address>0x14e0</load_address>
         <run_address>0x14e0</run_address>
         <size>0x6</size>
         <input_file_ref idref="fl-4"/>
      </object_component>
      <object_component id="oc-176">
         <name>.text:SysCtlDelay</name>
         <load_address>0x14e6</load_address>
         <run_address>0x14e6</run_address>
         <size>0x6</size>
         <input_file_ref idref="fl-d5"/>
      </object_component>
      <object_component id="oc-2a0">
         <name>.text:TimerClockSourceSet</name>
         <load_address>0x14ec</load_address>
         <run_address>0x14ec</run_address>
         <size>0x6</size>
         <input_file_ref idref="fl-d7"/>
      </object_component>
      <object_component id="oc-243">
         <name>.text:UARTClockSourceSet</name>
         <load_address>0x14f2</load_address>
         <run_address>0x14f2</run_address>
         <size>0x6</size>
         <input_file_ref idref="fl-d8"/>
      </object_component>
      <object_component id="oc-164">
         <name>.text:QEIPositionGet</name>
         <load_address>0x14f8</load_address>
         <run_address>0x14f8</run_address>
         <size>0x4</size>
         <input_file_ref idref="fl-d3"/>
      </object_component>
      <object_component id="oc-293">
         <name>.text:QEIPositionSet</name>
         <load_address>0x14fc</load_address>
         <run_address>0x14fc</run_address>
         <size>0x4</size>
         <input_file_ref idref="fl-d3"/>
      </object_component>
      <object_component id="oc-d0">
         <name>.text:UARTIntClear</name>
         <load_address>0x1500</load_address>
         <run_address>0x1500</run_address>
         <size>0x4</size>
         <input_file_ref idref="fl-d8"/>
      </object_component>
      <object_component id="oc-111">
         <name>.text:_system_pre_init</name>
         <load_address>0x1504</load_address>
         <run_address>0x1504</run_address>
         <size>0x4</size>
         <input_file_ref idref="fl-ce"/>
      </object_component>
      <object_component id="oc-17b">
         <name>.text:abort:abort</name>
         <load_address>0x1508</load_address>
         <run_address>0x1508</run_address>
         <size>0x4</size>
         <input_file_ref idref="fl-c7"/>
      </object_component>
      <object_component id="oc-2fc">
         <name>.const:g_pui32GPIOBaseAddrs</name>
         <load_address>0x150c</load_address>
         <run_address>0x150c</run_address>
         <size>0x90</size>
         <input_file_ref idref="fl-d0"/>
      </object_component>
      <object_component id="oc-207">
         <name>.const:g_pui32Xtals</name>
         <load_address>0x159c</load_address>
         <run_address>0x159c</run_address>
         <size>0x6c</size>
         <input_file_ref idref="fl-d5"/>
      </object_component>
      <object_component id="oc-2f8">
         <name>.const:g_ui32UARTBase</name>
         <load_address>0x1608</load_address>
         <run_address>0x1608</run_address>
         <size>0xc</size>
         <input_file_ref idref="fl-6"/>
      </object_component>
      <object_component id="oc-2f5">
         <name>.const:g_ui32UARTPeriph</name>
         <load_address>0x1614</load_address>
         <run_address>0x1614</run_address>
         <size>0xc</size>
         <input_file_ref idref="fl-6"/>
      </object_component>
      <object_component id="oc-35f">
         <name>.cinit..data.load</name>
         <load_address>0x1620</load_address>
         <run_address>0x1620</run_address>
         <size>0x11</size>
      </object_component>
      <object_component id="oc-35d">
         <name>__TI_handler_table</name>
         <load_address>0x1634</load_address>
         <run_address>0x1634</run_address>
         <size>0x8</size>
      </object_component>
      <object_component id="oc-35e">
         <name>__TI_cinit_table</name>
         <load_address>0x163c</load_address>
         <run_address>0x163c</run_address>
         <size>0x8</size>
      </object_component>
      <object_component id="oc-177">
         <name>.data</name>
         <load_address>0x20000100</load_address>
         <run_address>0x20000100</run_address>
         <size>0x10</size>
         <input_file_ref idref="fl-3"/>
      </object_component>
      <object_component id="oc-22d">
         <name>.data</name>
         <load_address>0x20000110</load_address>
         <run_address>0x20000110</run_address>
         <size>0x5</size>
         <input_file_ref idref="fl-6"/>
      </object_component>
      <object_component id="oc-21">
         <name>.stack</name>
         <uninitialized>true</uninitialized>
         <run_address>0x20000000</run_address>
         <size>0x4</size>
         <input_file_ref idref="fl-c6"/>
      </object_component>
      <object_component id="oc-360">
         <name>.stack</name>
         <uninitialized>true</uninitialized>
         <run_address>0x20000000</run_address>
         <size>0x0</size>
      </object_component>
      <object_component id="oc-14c">
         <name>.debug_info</name>
         <load_address>0x0</load_address>
         <run_address>0x0</run_address>
         <size>0x4fc</size>
         <input_file_ref idref="fl-1"/>
      </object_component>
      <object_component id="oc-16b">
         <name>.debug_info</name>
         <load_address>0x4fc</load_address>
         <run_address>0x4fc</run_address>
         <size>0x1e2</size>
         <input_file_ref idref="fl-1"/>
      </object_component>
      <object_component id="oc-f1">
         <name>.debug_info</name>
         <load_address>0x6de</load_address>
         <run_address>0x6de</run_address>
         <size>0x26b</size>
         <input_file_ref idref="fl-1"/>
      </object_component>
      <object_component id="oc-81">
         <name>.debug_info</name>
         <load_address>0x949</load_address>
         <run_address>0x949</run_address>
         <size>0x84</size>
         <input_file_ref idref="fl-1"/>
      </object_component>
      <object_component id="oc-147">
         <name>.debug_info</name>
         <load_address>0x9cd</load_address>
         <run_address>0x9cd</run_address>
         <size>0x297</size>
         <input_file_ref idref="fl-1"/>
      </object_component>
      <object_component id="oc-e7">
         <name>.debug_info</name>
         <load_address>0xc64</load_address>
         <run_address>0xc64</run_address>
         <size>0xbb</size>
         <input_file_ref idref="fl-1"/>
      </object_component>
      <object_component id="oc-142">
         <name>.debug_info</name>
         <load_address>0xd1f</load_address>
         <run_address>0xd1f</run_address>
         <size>0x2c</size>
         <input_file_ref idref="fl-1"/>
      </object_component>
      <object_component id="oc-1ce">
         <name>.debug_info</name>
         <load_address>0xd4b</load_address>
         <run_address>0xd4b</run_address>
         <size>0x105</size>
         <input_file_ref idref="fl-2"/>
      </object_component>
      <object_component id="oc-1d4">
         <name>.debug_info</name>
         <load_address>0xe50</load_address>
         <run_address>0xe50</run_address>
         <size>0x17f</size>
         <input_file_ref idref="fl-2"/>
      </object_component>
      <object_component id="oc-1da">
         <name>.debug_info</name>
         <load_address>0xfcf</load_address>
         <run_address>0xfcf</run_address>
         <size>0x134</size>
         <input_file_ref idref="fl-2"/>
      </object_component>
      <object_component id="oc-1e0">
         <name>.debug_info</name>
         <load_address>0x1103</load_address>
         <run_address>0x1103</run_address>
         <size>0x1ee</size>
         <input_file_ref idref="fl-2"/>
      </object_component>
      <object_component id="oc-1e6">
         <name>.debug_info</name>
         <load_address>0x12f1</load_address>
         <run_address>0x12f1</run_address>
         <size>0x40e</size>
         <input_file_ref idref="fl-2"/>
      </object_component>
      <object_component id="oc-1ec">
         <name>.debug_info</name>
         <load_address>0x16ff</load_address>
         <run_address>0x16ff</run_address>
         <size>0x2a2</size>
         <input_file_ref idref="fl-2"/>
      </object_component>
      <object_component id="oc-1f2">
         <name>.debug_info</name>
         <load_address>0x19a1</load_address>
         <run_address>0x19a1</run_address>
         <size>0x27b</size>
         <input_file_ref idref="fl-2"/>
      </object_component>
      <object_component id="oc-1f8">
         <name>.debug_info</name>
         <load_address>0x1c1c</load_address>
         <run_address>0x1c1c</run_address>
         <size>0x15c</size>
         <input_file_ref idref="fl-2"/>
      </object_component>
      <object_component id="oc-15f">
         <name>.debug_info</name>
         <load_address>0x1d78</load_address>
         <run_address>0x1d78</run_address>
         <size>0x19c</size>
         <input_file_ref idref="fl-2"/>
      </object_component>
      <object_component id="oc-135">
         <name>.debug_info</name>
         <load_address>0x1f14</load_address>
         <run_address>0x1f14</run_address>
         <size>0x8b</size>
         <input_file_ref idref="fl-2"/>
      </object_component>
      <object_component id="oc-178">
         <name>.debug_info</name>
         <load_address>0x1f9f</load_address>
         <run_address>0x1f9f</run_address>
         <size>0x115</size>
         <input_file_ref idref="fl-3"/>
      </object_component>
      <object_component id="oc-118">
         <name>.debug_info</name>
         <load_address>0x20b4</load_address>
         <run_address>0x20b4</run_address>
         <size>0x16b</size>
         <input_file_ref idref="fl-3"/>
      </object_component>
      <object_component id="oc-49">
         <name>.debug_info</name>
         <load_address>0x221f</load_address>
         <run_address>0x221f</run_address>
         <size>0x112</size>
         <input_file_ref idref="fl-3"/>
      </object_component>
      <object_component id="oc-73">
         <name>.debug_info</name>
         <load_address>0x2331</load_address>
         <run_address>0x2331</run_address>
         <size>0x10d</size>
         <input_file_ref idref="fl-3"/>
      </object_component>
      <object_component id="oc-6d">
         <name>.debug_info</name>
         <load_address>0x243e</load_address>
         <run_address>0x243e</run_address>
         <size>0x10d</size>
         <input_file_ref idref="fl-3"/>
      </object_component>
      <object_component id="oc-67">
         <name>.debug_info</name>
         <load_address>0x254b</load_address>
         <run_address>0x254b</run_address>
         <size>0x10d</size>
         <input_file_ref idref="fl-3"/>
      </object_component>
      <object_component id="oc-5b">
         <name>.debug_info</name>
         <load_address>0x2658</load_address>
         <run_address>0x2658</run_address>
         <size>0x10d</size>
         <input_file_ref idref="fl-3"/>
      </object_component>
      <object_component id="oc-55">
         <name>.debug_info</name>
         <load_address>0x2765</load_address>
         <run_address>0x2765</run_address>
         <size>0x10d</size>
         <input_file_ref idref="fl-3"/>
      </object_component>
      <object_component id="oc-4f">
         <name>.debug_info</name>
         <load_address>0x2872</load_address>
         <run_address>0x2872</run_address>
         <size>0x10d</size>
         <input_file_ref idref="fl-3"/>
      </object_component>
      <object_component id="oc-3d">
         <name>.debug_info</name>
         <load_address>0x297f</load_address>
         <run_address>0x297f</run_address>
         <size>0x12d</size>
         <input_file_ref idref="fl-3"/>
      </object_component>
      <object_component id="oc-61">
         <name>.debug_info</name>
         <load_address>0x2aac</load_address>
         <run_address>0x2aac</run_address>
         <size>0x17b</size>
         <input_file_ref idref="fl-3"/>
      </object_component>
      <object_component id="oc-43">
         <name>.debug_info</name>
         <load_address>0x2c27</load_address>
         <run_address>0x2c27</run_address>
         <size>0x112</size>
         <input_file_ref idref="fl-3"/>
      </object_component>
      <object_component id="oc-7a">
         <name>.debug_info</name>
         <load_address>0x2d39</load_address>
         <run_address>0x2d39</run_address>
         <size>0x428</size>
         <input_file_ref idref="fl-4"/>
      </object_component>
      <object_component id="oc-10">
         <name>.debug_info</name>
         <load_address>0x3161</load_address>
         <run_address>0x3161</run_address>
         <size>0xdb</size>
         <input_file_ref idref="fl-4"/>
      </object_component>
      <object_component id="oc-25">
         <name>.debug_info</name>
         <load_address>0x323c</load_address>
         <run_address>0x323c</run_address>
         <size>0x10c</size>
         <input_file_ref idref="fl-4"/>
      </object_component>
      <object_component id="oc-2b">
         <name>.debug_info</name>
         <load_address>0x3348</load_address>
         <run_address>0x3348</run_address>
         <size>0xfc</size>
         <input_file_ref idref="fl-4"/>
      </object_component>
      <object_component id="oc-37">
         <name>.debug_info</name>
         <load_address>0x3444</load_address>
         <run_address>0x3444</run_address>
         <size>0x114</size>
         <input_file_ref idref="fl-4"/>
      </object_component>
      <object_component id="oc-31">
         <name>.debug_info</name>
         <load_address>0x3558</load_address>
         <run_address>0x3558</run_address>
         <size>0x102</size>
         <input_file_ref idref="fl-4"/>
      </object_component>
      <object_component id="oc-141">
         <name>.debug_info</name>
         <load_address>0x365a</load_address>
         <run_address>0x365a</run_address>
         <size>0x2b6</size>
         <input_file_ref idref="fl-6"/>
      </object_component>
      <object_component id="oc-22e">
         <name>.debug_info</name>
         <load_address>0x3910</load_address>
         <run_address>0x3910</run_address>
         <size>0xf7</size>
         <input_file_ref idref="fl-6"/>
      </object_component>
      <object_component id="oc-2f9">
         <name>.debug_info</name>
         <load_address>0x3a07</load_address>
         <run_address>0x3a07</run_address>
         <size>0xff</size>
         <input_file_ref idref="fl-6"/>
      </object_component>
      <object_component id="oc-2f6">
         <name>.debug_info</name>
         <load_address>0x3b06</load_address>
         <run_address>0x3b06</run_address>
         <size>0x103</size>
         <input_file_ref idref="fl-6"/>
      </object_component>
      <object_component id="oc-1be">
         <name>.debug_info</name>
         <load_address>0x3c09</load_address>
         <run_address>0x3c09</run_address>
         <size>0x1ea</size>
         <input_file_ref idref="fl-6"/>
      </object_component>
      <object_component id="oc-13b">
         <name>.debug_info</name>
         <load_address>0x3df3</load_address>
         <run_address>0x3df3</run_address>
         <size>0x31c</size>
         <input_file_ref idref="fl-6"/>
      </object_component>
      <object_component id="oc-e1">
         <name>.debug_info</name>
         <load_address>0x410f</load_address>
         <run_address>0x410f</run_address>
         <size>0x1b7</size>
         <input_file_ref idref="fl-6"/>
      </object_component>
      <object_component id="oc-230">
         <name>.debug_info</name>
         <load_address>0x42c6</load_address>
         <run_address>0x42c6</run_address>
         <size>0x235</size>
         <input_file_ref idref="fl-6"/>
      </object_component>
      <object_component id="oc-24a">
         <name>.debug_info</name>
         <load_address>0x44fb</load_address>
         <run_address>0x44fb</run_address>
         <size>0x24d</size>
         <input_file_ref idref="fl-6"/>
      </object_component>
      <object_component id="oc-1c4">
         <name>.debug_info</name>
         <load_address>0x4748</load_address>
         <run_address>0x4748</run_address>
         <size>0x13a</size>
         <input_file_ref idref="fl-c2"/>
      </object_component>
      <object_component id="oc-91">
         <name>.debug_info</name>
         <load_address>0x4882</load_address>
         <run_address>0x4882</run_address>
         <size>0x29d</size>
         <input_file_ref idref="fl-c4"/>
      </object_component>
      <object_component id="oc-19">
         <name>.debug_info</name>
         <load_address>0x4b1f</load_address>
         <run_address>0x4b1f</run_address>
         <size>0x1df</size>
         <input_file_ref idref="fl-c4"/>
      </object_component>
      <object_component id="oc-8c">
         <name>.debug_info</name>
         <load_address>0x4cfe</load_address>
         <run_address>0x4cfe</run_address>
         <size>0x46</size>
         <input_file_ref idref="fl-c4"/>
      </object_component>
      <object_component id="oc-fd">
         <name>.debug_info</name>
         <load_address>0x4d44</load_address>
         <run_address>0x4d44</run_address>
         <size>0x2c</size>
         <input_file_ref idref="fl-c4"/>
      </object_component>
      <object_component id="oc-fb">
         <name>.debug_info</name>
         <load_address>0x4d70</load_address>
         <run_address>0x4d70</run_address>
         <size>0x293</size>
         <input_file_ref idref="fl-c5"/>
      </object_component>
      <object_component id="oc-13">
         <name>.debug_info</name>
         <load_address>0x5003</load_address>
         <run_address>0x5003</run_address>
         <size>0x245</size>
         <input_file_ref idref="fl-c5"/>
      </object_component>
      <object_component id="oc-7c">
         <name>.debug_info</name>
         <load_address>0x5248</load_address>
         <run_address>0x5248</run_address>
         <size>0x60</size>
         <input_file_ref idref="fl-c5"/>
      </object_component>
      <object_component id="oc-14e">
         <name>.debug_info</name>
         <load_address>0x52a8</load_address>
         <run_address>0x52a8</run_address>
         <size>0x46</size>
         <input_file_ref idref="fl-c5"/>
      </object_component>
      <object_component id="oc-f6">
         <name>.debug_info</name>
         <load_address>0x52ee</load_address>
         <run_address>0x52ee</run_address>
         <size>0x39</size>
         <input_file_ref idref="fl-c5"/>
      </object_component>
      <object_component id="oc-22">
         <name>.debug_info</name>
         <load_address>0x5327</load_address>
         <run_address>0x5327</run_address>
         <size>0x100</size>
         <input_file_ref idref="fl-c6"/>
      </object_component>
      <object_component id="oc-a5">
         <name>.debug_info</name>
         <load_address>0x5427</load_address>
         <run_address>0x5427</run_address>
         <size>0x1a4</size>
         <input_file_ref idref="fl-c6"/>
      </object_component>
      <object_component id="oc-17c">
         <name>.debug_info</name>
         <load_address>0x55cb</load_address>
         <run_address>0x55cb</run_address>
         <size>0x117</size>
         <input_file_ref idref="fl-c7"/>
      </object_component>
      <object_component id="oc-235">
         <name>.debug_info</name>
         <load_address>0x56e2</load_address>
         <run_address>0x56e2</run_address>
         <size>0x10d</size>
         <input_file_ref idref="fl-ca"/>
      </object_component>
      <object_component id="oc-87">
         <name>.debug_info</name>
         <load_address>0x57ef</load_address>
         <run_address>0x57ef</run_address>
         <size>0x111</size>
         <input_file_ref idref="fl-cb"/>
      </object_component>
      <object_component id="oc-218">
         <name>.debug_info</name>
         <load_address>0x5900</load_address>
         <run_address>0x5900</run_address>
         <size>0x547</size>
         <input_file_ref idref="fl-cd"/>
      </object_component>
      <object_component id="oc-188">
         <name>.debug_info</name>
         <load_address>0x5e47</load_address>
         <run_address>0x5e47</run_address>
         <size>0x19b</size>
         <input_file_ref idref="fl-cd"/>
      </object_component>
      <object_component id="oc-2d1">
         <name>.debug_info</name>
         <load_address>0x5fe2</load_address>
         <run_address>0x5fe2</run_address>
         <size>0x39</size>
         <input_file_ref idref="fl-cd"/>
      </object_component>
      <object_component id="oc-31e">
         <name>.debug_info</name>
         <load_address>0x601b</load_address>
         <run_address>0x601b</run_address>
         <size>0x39</size>
         <input_file_ref idref="fl-cd"/>
      </object_component>
      <object_component id="oc-2d6">
         <name>.debug_info</name>
         <load_address>0x6054</load_address>
         <run_address>0x6054</run_address>
         <size>0x39</size>
         <input_file_ref idref="fl-cd"/>
      </object_component>
      <object_component id="oc-2db">
         <name>.debug_info</name>
         <load_address>0x608d</load_address>
         <run_address>0x608d</run_address>
         <size>0xcd</size>
         <input_file_ref idref="fl-cd"/>
      </object_component>
      <object_component id="oc-112">
         <name>.debug_info</name>
         <load_address>0x615a</load_address>
         <run_address>0x615a</run_address>
         <size>0x148</size>
         <input_file_ref idref="fl-ce"/>
      </object_component>
      <object_component id="oc-12f">
         <name>.debug_info</name>
         <load_address>0x62a2</load_address>
         <run_address>0x62a2</run_address>
         <size>0x240</size>
         <input_file_ref idref="fl-d0"/>
      </object_component>
      <object_component id="oc-2fd">
         <name>.debug_info</name>
         <load_address>0x64e2</load_address>
         <run_address>0x64e2</run_address>
         <size>0x15b</size>
         <input_file_ref idref="fl-d0"/>
      </object_component>
      <object_component id="oc-c3">
         <name>.debug_info</name>
         <load_address>0x663d</load_address>
         <run_address>0x663d</run_address>
         <size>0x2a3</size>
         <input_file_ref idref="fl-d0"/>
      </object_component>
      <object_component id="oc-2ee">
         <name>.debug_info</name>
         <load_address>0x68e0</load_address>
         <run_address>0x68e0</run_address>
         <size>0x2b3</size>
         <input_file_ref idref="fl-d0"/>
      </object_component>
      <object_component id="oc-2e8">
         <name>.debug_info</name>
         <load_address>0x6b93</load_address>
         <run_address>0x6b93</run_address>
         <size>0x316</size>
         <input_file_ref idref="fl-d0"/>
      </object_component>
      <object_component id="oc-276">
         <name>.debug_info</name>
         <load_address>0x6ea9</load_address>
         <run_address>0x6ea9</run_address>
         <size>0x279</size>
         <input_file_ref idref="fl-d0"/>
      </object_component>
      <object_component id="oc-257">
         <name>.debug_info</name>
         <load_address>0x7122</load_address>
         <run_address>0x7122</run_address>
         <size>0x279</size>
         <input_file_ref idref="fl-d0"/>
      </object_component>
      <object_component id="oc-23d">
         <name>.debug_info</name>
         <load_address>0x739b</load_address>
         <run_address>0x739b</run_address>
         <size>0x2b7</size>
         <input_file_ref idref="fl-d0"/>
      </object_component>
      <object_component id="oc-bd">
         <name>.debug_info</name>
         <load_address>0x7652</load_address>
         <run_address>0x7652</run_address>
         <size>0x27b</size>
         <input_file_ref idref="fl-d0"/>
      </object_component>
      <object_component id="oc-251">
         <name>.debug_info</name>
         <load_address>0x78cd</load_address>
         <run_address>0x78cd</run_address>
         <size>0x280</size>
         <input_file_ref idref="fl-d0"/>
      </object_component>
      <object_component id="oc-db">
         <name>.debug_info</name>
         <load_address>0x7b4d</load_address>
         <run_address>0x7b4d</run_address>
         <size>0x27f</size>
         <input_file_ref idref="fl-d0"/>
      </object_component>
      <object_component id="oc-ca">
         <name>.debug_info</name>
         <load_address>0x7dcc</load_address>
         <run_address>0x7dcc</run_address>
         <size>0x28d</size>
         <input_file_ref idref="fl-d0"/>
      </object_component>
      <object_component id="oc-12a">
         <name>.debug_info</name>
         <load_address>0x8059</load_address>
         <run_address>0x8059</run_address>
         <size>0x18b</size>
         <input_file_ref idref="fl-d0"/>
      </object_component>
      <object_component id="oc-2bd">
         <name>.debug_info</name>
         <load_address>0x81e4</load_address>
         <run_address>0x81e4</run_address>
         <size>0x1ed</size>
         <input_file_ref idref="fl-d2"/>
      </object_component>
      <object_component id="oc-201">
         <name>.debug_info</name>
         <load_address>0x83d1</load_address>
         <run_address>0x83d1</run_address>
         <size>0x2f6</size>
         <input_file_ref idref="fl-d2"/>
      </object_component>
      <object_component id="oc-26f">
         <name>.debug_info</name>
         <load_address>0x86c7</load_address>
         <run_address>0x86c7</run_address>
         <size>0x2c4</size>
         <input_file_ref idref="fl-d2"/>
      </object_component>
      <object_component id="oc-263">
         <name>.debug_info</name>
         <load_address>0x898b</load_address>
         <run_address>0x898b</run_address>
         <size>0x2b6</size>
         <input_file_ref idref="fl-d2"/>
      </object_component>
      <object_component id="oc-269">
         <name>.debug_info</name>
         <load_address>0x8c41</load_address>
         <run_address>0x8c41</run_address>
         <size>0x276</size>
         <input_file_ref idref="fl-d2"/>
      </object_component>
      <object_component id="oc-25d">
         <name>.debug_info</name>
         <load_address>0x8eb7</load_address>
         <run_address>0x8eb7</run_address>
         <size>0x2b3</size>
         <input_file_ref idref="fl-d2"/>
      </object_component>
      <object_component id="oc-1ff">
         <name>.debug_info</name>
         <load_address>0x916a</load_address>
         <run_address>0x916a</run_address>
         <size>0x1e8</size>
         <input_file_ref idref="fl-d3"/>
      </object_component>
      <object_component id="oc-288">
         <name>.debug_info</name>
         <load_address>0x9352</load_address>
         <run_address>0x9352</run_address>
         <size>0x252</size>
         <input_file_ref idref="fl-d3"/>
      </object_component>
      <object_component id="oc-282">
         <name>.debug_info</name>
         <load_address>0x95a4</load_address>
         <run_address>0x95a4</run_address>
         <size>0x2cc</size>
         <input_file_ref idref="fl-d3"/>
      </object_component>
      <object_component id="oc-294">
         <name>.debug_info</name>
         <load_address>0x9870</load_address>
         <run_address>0x9870</run_address>
         <size>0x28b</size>
         <input_file_ref idref="fl-d3"/>
      </object_component>
      <object_component id="oc-165">
         <name>.debug_info</name>
         <load_address>0x9afb</load_address>
         <run_address>0x9afb</run_address>
         <size>0x24d</size>
         <input_file_ref idref="fl-d3"/>
      </object_component>
      <object_component id="oc-29a">
         <name>.debug_info</name>
         <load_address>0x9d48</load_address>
         <run_address>0x9d48</run_address>
         <size>0x23f</size>
         <input_file_ref idref="fl-d3"/>
      </object_component>
      <object_component id="oc-27c">
         <name>.debug_info</name>
         <load_address>0x9f87</load_address>
         <run_address>0x9f87</run_address>
         <size>0x241</size>
         <input_file_ref idref="fl-d3"/>
      </object_component>
      <object_component id="oc-28e">
         <name>.debug_info</name>
         <load_address>0xa1c8</load_address>
         <run_address>0xa1c8</run_address>
         <size>0x2cd</size>
         <input_file_ref idref="fl-d3"/>
      </object_component>
      <object_component id="oc-2c0">
         <name>.debug_info</name>
         <load_address>0xa495</load_address>
         <run_address>0xa495</run_address>
         <size>0x298</size>
         <input_file_ref idref="fl-d5"/>
      </object_component>
      <object_component id="oc-208">
         <name>.debug_info</name>
         <load_address>0xa72d</load_address>
         <run_address>0xa72d</run_address>
         <size>0x14d</size>
         <input_file_ref idref="fl-d5"/>
      </object_component>
      <object_component id="oc-171">
         <name>.debug_info</name>
         <load_address>0xa87a</load_address>
         <run_address>0xa87a</run_address>
         <size>0x2b5</size>
         <input_file_ref idref="fl-d5"/>
      </object_component>
      <object_component id="oc-316">
         <name>.debug_info</name>
         <load_address>0xab2f</load_address>
         <run_address>0xab2f</run_address>
         <size>0x5f</size>
         <input_file_ref idref="fl-d5"/>
      </object_component>
      <object_component id="oc-30f">
         <name>.debug_info</name>
         <load_address>0xab8e</load_address>
         <run_address>0xab8e</run_address>
         <size>0x19d</size>
         <input_file_ref idref="fl-d6"/>
      </object_component>
      <object_component id="oc-2a8">
         <name>.debug_info</name>
         <load_address>0xad2b</load_address>
         <run_address>0xad2b</run_address>
         <size>0x261</size>
         <input_file_ref idref="fl-d6"/>
      </object_component>
      <object_component id="oc-2ae">
         <name>.debug_info</name>
         <load_address>0xaf8c</load_address>
         <run_address>0xaf8c</run_address>
         <size>0x227</size>
         <input_file_ref idref="fl-d6"/>
      </object_component>
      <object_component id="oc-2b4">
         <name>.debug_info</name>
         <load_address>0xb1b3</load_address>
         <run_address>0xb1b3</run_address>
         <size>0x221</size>
         <input_file_ref idref="fl-d6"/>
      </object_component>
      <object_component id="oc-30d">
         <name>.debug_info</name>
         <load_address>0xb3d4</load_address>
         <run_address>0xb3d4</run_address>
         <size>0x223</size>
         <input_file_ref idref="fl-d7"/>
      </object_component>
      <object_component id="oc-2a1">
         <name>.debug_info</name>
         <load_address>0xb5f7</load_address>
         <run_address>0xb5f7</run_address>
         <size>0x296</size>
         <input_file_ref idref="fl-d7"/>
      </object_component>
      <object_component id="oc-133">
         <name>.debug_info</name>
         <load_address>0xb88d</load_address>
         <run_address>0xb88d</run_address>
         <size>0x227</size>
         <input_file_ref idref="fl-d8"/>
      </object_component>
      <object_component id="oc-d1">
         <name>.debug_info</name>
         <load_address>0xbab4</load_address>
         <run_address>0xbab4</run_address>
         <size>0x28d</size>
         <input_file_ref idref="fl-d8"/>
      </object_component>
      <object_component id="oc-244">
         <name>.debug_info</name>
         <load_address>0xbd41</load_address>
         <run_address>0xbd41</run_address>
         <size>0x291</size>
         <input_file_ref idref="fl-d8"/>
      </object_component>
      <object_component id="oc-361">
         <name>.debug_info</name>
         <load_address>0xbfd2</load_address>
         <run_address>0xbfd2</run_address>
         <size>0x9e</size>
      </object_component>
      <object_component id="oc-1cc">
         <name>.debug_line</name>
         <load_address>0x0</load_address>
         <run_address>0x0</run_address>
         <size>0xcf</size>
         <input_file_ref idref="fl-1"/>
      </object_component>
      <object_component id="oc-16e">
         <name>.debug_line</name>
         <load_address>0xcf</load_address>
         <run_address>0xcf</run_address>
         <size>0x63</size>
         <input_file_ref idref="fl-1"/>
      </object_component>
      <object_component id="oc-f4">
         <name>.debug_line</name>
         <load_address>0x132</load_address>
         <run_address>0x132</run_address>
         <size>0x71</size>
         <input_file_ref idref="fl-1"/>
      </object_component>
      <object_component id="oc-84">
         <name>.debug_line</name>
         <load_address>0x1a3</load_address>
         <run_address>0x1a3</run_address>
         <size>0x20</size>
         <input_file_ref idref="fl-1"/>
      </object_component>
      <object_component id="oc-14a">
         <name>.debug_line</name>
         <load_address>0x1c3</load_address>
         <run_address>0x1c3</run_address>
         <size>0x75</size>
         <input_file_ref idref="fl-1"/>
      </object_component>
      <object_component id="oc-ea">
         <name>.debug_line</name>
         <load_address>0x238</load_address>
         <run_address>0x238</run_address>
         <size>0x72</size>
         <input_file_ref idref="fl-1"/>
      </object_component>
      <object_component id="oc-145">
         <name>.debug_line</name>
         <load_address>0x2aa</load_address>
         <run_address>0x2aa</run_address>
         <size>0x6d</size>
         <input_file_ref idref="fl-1"/>
      </object_component>
      <object_component id="oc-1d1">
         <name>.debug_line</name>
         <load_address>0x317</load_address>
         <run_address>0x317</run_address>
         <size>0x44</size>
         <input_file_ref idref="fl-2"/>
      </object_component>
      <object_component id="oc-1d7">
         <name>.debug_line</name>
         <load_address>0x35b</load_address>
         <run_address>0x35b</run_address>
         <size>0x5c</size>
         <input_file_ref idref="fl-2"/>
      </object_component>
      <object_component id="oc-1dd">
         <name>.debug_line</name>
         <load_address>0x3b7</load_address>
         <run_address>0x3b7</run_address>
         <size>0x5c</size>
         <input_file_ref idref="fl-2"/>
      </object_component>
      <object_component id="oc-1e3">
         <name>.debug_line</name>
         <load_address>0x413</load_address>
         <run_address>0x413</run_address>
         <size>0x52</size>
         <input_file_ref idref="fl-2"/>
      </object_component>
      <object_component id="oc-1e9">
         <name>.debug_line</name>
         <load_address>0x465</load_address>
         <run_address>0x465</run_address>
         <size>0x7a</size>
         <input_file_ref idref="fl-2"/>
      </object_component>
      <object_component id="oc-1ef">
         <name>.debug_line</name>
         <load_address>0x4df</load_address>
         <run_address>0x4df</run_address>
         <size>0x5a</size>
         <input_file_ref idref="fl-2"/>
      </object_component>
      <object_component id="oc-1f5">
         <name>.debug_line</name>
         <load_address>0x539</load_address>
         <run_address>0x539</run_address>
         <size>0x81</size>
         <input_file_ref idref="fl-2"/>
      </object_component>
      <object_component id="oc-1fb">
         <name>.debug_line</name>
         <load_address>0x5ba</load_address>
         <run_address>0x5ba</run_address>
         <size>0x46</size>
         <input_file_ref idref="fl-2"/>
      </object_component>
      <object_component id="oc-162">
         <name>.debug_line</name>
         <load_address>0x600</load_address>
         <run_address>0x600</run_address>
         <size>0x4e</size>
         <input_file_ref idref="fl-2"/>
      </object_component>
      <object_component id="oc-138">
         <name>.debug_line</name>
         <load_address>0x64e</load_address>
         <run_address>0x64e</run_address>
         <size>0x20</size>
         <input_file_ref idref="fl-2"/>
      </object_component>
      <object_component id="oc-20c">
         <name>.debug_line</name>
         <load_address>0x66e</load_address>
         <run_address>0x66e</run_address>
         <size>0x2d</size>
         <input_file_ref idref="fl-3"/>
      </object_component>
      <object_component id="oc-11b">
         <name>.debug_line</name>
         <load_address>0x69b</load_address>
         <run_address>0x69b</run_address>
         <size>0x6b</size>
         <input_file_ref idref="fl-3"/>
      </object_component>
      <object_component id="oc-4c">
         <name>.debug_line</name>
         <load_address>0x706</load_address>
         <run_address>0x706</run_address>
         <size>0x3f</size>
         <input_file_ref idref="fl-3"/>
      </object_component>
      <object_component id="oc-76">
         <name>.debug_line</name>
         <load_address>0x745</load_address>
         <run_address>0x745</run_address>
         <size>0x3f</size>
         <input_file_ref idref="fl-3"/>
      </object_component>
      <object_component id="oc-70">
         <name>.debug_line</name>
         <load_address>0x784</load_address>
         <run_address>0x784</run_address>
         <size>0x3f</size>
         <input_file_ref idref="fl-3"/>
      </object_component>
      <object_component id="oc-6a">
         <name>.debug_line</name>
         <load_address>0x7c3</load_address>
         <run_address>0x7c3</run_address>
         <size>0x3f</size>
         <input_file_ref idref="fl-3"/>
      </object_component>
      <object_component id="oc-5e">
         <name>.debug_line</name>
         <load_address>0x802</load_address>
         <run_address>0x802</run_address>
         <size>0x3f</size>
         <input_file_ref idref="fl-3"/>
      </object_component>
      <object_component id="oc-58">
         <name>.debug_line</name>
         <load_address>0x841</load_address>
         <run_address>0x841</run_address>
         <size>0x3f</size>
         <input_file_ref idref="fl-3"/>
      </object_component>
      <object_component id="oc-52">
         <name>.debug_line</name>
         <load_address>0x880</load_address>
         <run_address>0x880</run_address>
         <size>0x3f</size>
         <input_file_ref idref="fl-3"/>
      </object_component>
      <object_component id="oc-40">
         <name>.debug_line</name>
         <load_address>0x8bf</load_address>
         <run_address>0x8bf</run_address>
         <size>0x42</size>
         <input_file_ref idref="fl-3"/>
      </object_component>
      <object_component id="oc-64">
         <name>.debug_line</name>
         <load_address>0x901</load_address>
         <run_address>0x901</run_address>
         <size>0x53</size>
         <input_file_ref idref="fl-3"/>
      </object_component>
      <object_component id="oc-46">
         <name>.debug_line</name>
         <load_address>0x954</load_address>
         <run_address>0x954</run_address>
         <size>0x3f</size>
         <input_file_ref idref="fl-3"/>
      </object_component>
      <object_component id="oc-f0">
         <name>.debug_line</name>
         <load_address>0x993</load_address>
         <run_address>0x993</run_address>
         <size>0x34</size>
         <input_file_ref idref="fl-4"/>
      </object_component>
      <object_component id="oc-79">
         <name>.debug_line</name>
         <load_address>0x9c7</load_address>
         <run_address>0x9c7</run_address>
         <size>0x34</size>
         <input_file_ref idref="fl-4"/>
      </object_component>
      <object_component id="oc-28">
         <name>.debug_line</name>
         <load_address>0x9fb</load_address>
         <run_address>0x9fb</run_address>
         <size>0x46</size>
         <input_file_ref idref="fl-4"/>
      </object_component>
      <object_component id="oc-2e">
         <name>.debug_line</name>
         <load_address>0xa41</load_address>
         <run_address>0xa41</run_address>
         <size>0x49</size>
         <input_file_ref idref="fl-4"/>
      </object_component>
      <object_component id="oc-3a">
         <name>.debug_line</name>
         <load_address>0xa8a</load_address>
         <run_address>0xa8a</run_address>
         <size>0x49</size>
         <input_file_ref idref="fl-4"/>
      </object_component>
      <object_component id="oc-34">
         <name>.debug_line</name>
         <load_address>0xad3</load_address>
         <run_address>0xad3</run_address>
         <size>0x49</size>
         <input_file_ref idref="fl-4"/>
      </object_component>
      <object_component id="oc-1ca">
         <name>.debug_line</name>
         <load_address>0xb1c</load_address>
         <run_address>0xb1c</run_address>
         <size>0x20</size>
         <input_file_ref idref="fl-6"/>
      </object_component>
      <object_component id="oc-2e3">
         <name>.debug_line</name>
         <load_address>0xb3c</load_address>
         <run_address>0xb3c</run_address>
         <size>0x55</size>
         <input_file_ref idref="fl-6"/>
      </object_component>
      <object_component id="oc-32f">
         <name>.debug_line</name>
         <load_address>0xb91</load_address>
         <run_address>0xb91</run_address>
         <size>0x55</size>
         <input_file_ref idref="fl-6"/>
      </object_component>
      <object_component id="oc-32d">
         <name>.debug_line</name>
         <load_address>0xbe6</load_address>
         <run_address>0xbe6</run_address>
         <size>0x55</size>
         <input_file_ref idref="fl-6"/>
      </object_component>
      <object_component id="oc-1c1">
         <name>.debug_line</name>
         <load_address>0xc3b</load_address>
         <run_address>0xc3b</run_address>
         <size>0x85</size>
         <input_file_ref idref="fl-6"/>
      </object_component>
      <object_component id="oc-13e">
         <name>.debug_line</name>
         <load_address>0xcc0</load_address>
         <run_address>0xcc0</run_address>
         <size>0x18a</size>
         <input_file_ref idref="fl-6"/>
      </object_component>
      <object_component id="oc-e4">
         <name>.debug_line</name>
         <load_address>0xe4a</load_address>
         <run_address>0xe4a</run_address>
         <size>0x6c</size>
         <input_file_ref idref="fl-6"/>
      </object_component>
      <object_component id="oc-2e5">
         <name>.debug_line</name>
         <load_address>0xeb6</load_address>
         <run_address>0xeb6</run_address>
         <size>0xb0</size>
         <input_file_ref idref="fl-6"/>
      </object_component>
      <object_component id="oc-24d">
         <name>.debug_line</name>
         <load_address>0xf66</load_address>
         <run_address>0xf66</run_address>
         <size>0x76</size>
         <input_file_ref idref="fl-6"/>
      </object_component>
      <object_component id="oc-1c7">
         <name>.debug_line</name>
         <load_address>0xfdc</load_address>
         <run_address>0xfdc</run_address>
         <size>0x5b</size>
         <input_file_ref idref="fl-c2"/>
      </object_component>
      <object_component id="oc-103">
         <name>.debug_line</name>
         <load_address>0x1037</load_address>
         <run_address>0x1037</run_address>
         <size>0x20</size>
         <input_file_ref idref="fl-c4"/>
      </object_component>
      <object_component id="oc-1c">
         <name>.debug_line</name>
         <load_address>0x1057</load_address>
         <run_address>0x1057</run_address>
         <size>0x55</size>
         <input_file_ref idref="fl-c4"/>
      </object_component>
      <object_component id="oc-8f">
         <name>.debug_line</name>
         <load_address>0x10ac</load_address>
         <run_address>0x10ac</run_address>
         <size>0x3a</size>
         <input_file_ref idref="fl-c4"/>
      </object_component>
      <object_component id="oc-100">
         <name>.debug_line</name>
         <load_address>0x10e6</load_address>
         <run_address>0x10e6</run_address>
         <size>0x8a</size>
         <input_file_ref idref="fl-c4"/>
      </object_component>
      <object_component id="oc-154">
         <name>.debug_line</name>
         <load_address>0x1170</load_address>
         <run_address>0x1170</run_address>
         <size>0x20</size>
         <input_file_ref idref="fl-c5"/>
      </object_component>
      <object_component id="oc-16">
         <name>.debug_line</name>
         <load_address>0x1190</load_address>
         <run_address>0x1190</run_address>
         <size>0xa9</size>
         <input_file_ref idref="fl-c5"/>
      </object_component>
      <object_component id="oc-7f">
         <name>.debug_line</name>
         <load_address>0x1239</load_address>
         <run_address>0x1239</run_address>
         <size>0x3a</size>
         <input_file_ref idref="fl-c5"/>
      </object_component>
      <object_component id="oc-151">
         <name>.debug_line</name>
         <load_address>0x1273</load_address>
         <run_address>0x1273</run_address>
         <size>0x92</size>
         <input_file_ref idref="fl-c5"/>
      </object_component>
      <object_component id="oc-f9">
         <name>.debug_line</name>
         <load_address>0x1305</load_address>
         <run_address>0x1305</run_address>
         <size>0x8e</size>
         <input_file_ref idref="fl-c5"/>
      </object_component>
      <object_component id="oc-b7">
         <name>.debug_line</name>
         <load_address>0x1393</load_address>
         <run_address>0x1393</run_address>
         <size>0x33</size>
         <input_file_ref idref="fl-c6"/>
      </object_component>
      <object_component id="oc-a8">
         <name>.debug_line</name>
         <load_address>0x13c6</load_address>
         <run_address>0x13c6</run_address>
         <size>0x56</size>
         <input_file_ref idref="fl-c6"/>
      </object_component>
      <object_component id="oc-17f">
         <name>.debug_line</name>
         <load_address>0x141c</load_address>
         <run_address>0x141c</run_address>
         <size>0x3c</size>
         <input_file_ref idref="fl-c7"/>
      </object_component>
      <object_component id="oc-238">
         <name>.debug_line</name>
         <load_address>0x1458</load_address>
         <run_address>0x1458</run_address>
         <size>0x37</size>
         <input_file_ref idref="fl-ca"/>
      </object_component>
      <object_component id="oc-8a">
         <name>.debug_line</name>
         <load_address>0x148f</load_address>
         <run_address>0x148f</run_address>
         <size>0x88</size>
         <input_file_ref idref="fl-cb"/>
      </object_component>
      <object_component id="oc-2d0">
         <name>.debug_line</name>
         <load_address>0x1517</load_address>
         <run_address>0x1517</run_address>
         <size>0xb7</size>
         <input_file_ref idref="fl-cd"/>
      </object_component>
      <object_component id="oc-18b">
         <name>.debug_line</name>
         <load_address>0x15ce</load_address>
         <run_address>0x15ce</run_address>
         <size>0x6c</size>
         <input_file_ref idref="fl-cd"/>
      </object_component>
      <object_component id="oc-2d4">
         <name>.debug_line</name>
         <load_address>0x163a</load_address>
         <run_address>0x163a</run_address>
         <size>0x2e</size>
         <input_file_ref idref="fl-cd"/>
      </object_component>
      <object_component id="oc-321">
         <name>.debug_line</name>
         <load_address>0x1668</load_address>
         <run_address>0x1668</run_address>
         <size>0x92</size>
         <input_file_ref idref="fl-cd"/>
      </object_component>
      <object_component id="oc-2d9">
         <name>.debug_line</name>
         <load_address>0x16fa</load_address>
         <run_address>0x16fa</run_address>
         <size>0x8f</size>
         <input_file_ref idref="fl-cd"/>
      </object_component>
      <object_component id="oc-2de">
         <name>.debug_line</name>
         <load_address>0x1789</load_address>
         <run_address>0x1789</run_address>
         <size>0x8b</size>
         <input_file_ref idref="fl-cd"/>
      </object_component>
      <object_component id="oc-115">
         <name>.debug_line</name>
         <load_address>0x1814</load_address>
         <run_address>0x1814</run_address>
         <size>0x40</size>
         <input_file_ref idref="fl-ce"/>
      </object_component>
      <object_component id="oc-1ba">
         <name>.debug_line</name>
         <load_address>0x1854</load_address>
         <run_address>0x1854</run_address>
         <size>0x82</size>
         <input_file_ref idref="fl-d0"/>
      </object_component>
      <object_component id="oc-331">
         <name>.debug_line</name>
         <load_address>0x18d6</load_address>
         <run_address>0x18d6</run_address>
         <size>0x7d</size>
         <input_file_ref idref="fl-d0"/>
      </object_component>
      <object_component id="oc-c6">
         <name>.debug_line</name>
         <load_address>0x1953</load_address>
         <run_address>0x1953</run_address>
         <size>0x92</size>
         <input_file_ref idref="fl-d0"/>
      </object_component>
      <object_component id="oc-2f1">
         <name>.debug_line</name>
         <load_address>0x19e5</load_address>
         <run_address>0x19e5</run_address>
         <size>0x95</size>
         <input_file_ref idref="fl-d0"/>
      </object_component>
      <object_component id="oc-2eb">
         <name>.debug_line</name>
         <load_address>0x1a7a</load_address>
         <run_address>0x1a7a</run_address>
         <size>0xd1</size>
         <input_file_ref idref="fl-d0"/>
      </object_component>
      <object_component id="oc-279">
         <name>.debug_line</name>
         <load_address>0x1b4b</load_address>
         <run_address>0x1b4b</run_address>
         <size>0x93</size>
         <input_file_ref idref="fl-d0"/>
      </object_component>
      <object_component id="oc-25a">
         <name>.debug_line</name>
         <load_address>0x1bde</load_address>
         <run_address>0x1bde</run_address>
         <size>0x93</size>
         <input_file_ref idref="fl-d0"/>
      </object_component>
      <object_component id="oc-240">
         <name>.debug_line</name>
         <load_address>0x1c71</load_address>
         <run_address>0x1c71</run_address>
         <size>0x99</size>
         <input_file_ref idref="fl-d0"/>
      </object_component>
      <object_component id="oc-c0">
         <name>.debug_line</name>
         <load_address>0x1d0a</load_address>
         <run_address>0x1d0a</run_address>
         <size>0x92</size>
         <input_file_ref idref="fl-d0"/>
      </object_component>
      <object_component id="oc-254">
         <name>.debug_line</name>
         <load_address>0x1d9c</load_address>
         <run_address>0x1d9c</run_address>
         <size>0xa7</size>
         <input_file_ref idref="fl-d0"/>
      </object_component>
      <object_component id="oc-de">
         <name>.debug_line</name>
         <load_address>0x1e43</load_address>
         <run_address>0x1e43</run_address>
         <size>0x92</size>
         <input_file_ref idref="fl-d0"/>
      </object_component>
      <object_component id="oc-cd">
         <name>.debug_line</name>
         <load_address>0x1ed5</load_address>
         <run_address>0x1ed5</run_address>
         <size>0x92</size>
         <input_file_ref idref="fl-d0"/>
      </object_component>
      <object_component id="oc-12d">
         <name>.debug_line</name>
         <load_address>0x1f67</load_address>
         <run_address>0x1f67</run_address>
         <size>0x69</size>
         <input_file_ref idref="fl-d0"/>
      </object_component>
      <object_component id="oc-313">
         <name>.debug_line</name>
         <load_address>0x1fd0</load_address>
         <run_address>0x1fd0</run_address>
         <size>0x82</size>
         <input_file_ref idref="fl-d2"/>
      </object_component>
      <object_component id="oc-204">
         <name>.debug_line</name>
         <load_address>0x2052</load_address>
         <run_address>0x2052</run_address>
         <size>0x9e</size>
         <input_file_ref idref="fl-d2"/>
      </object_component>
      <object_component id="oc-272">
         <name>.debug_line</name>
         <load_address>0x20f0</load_address>
         <run_address>0x20f0</run_address>
         <size>0x95</size>
         <input_file_ref idref="fl-d2"/>
      </object_component>
      <object_component id="oc-266">
         <name>.debug_line</name>
         <load_address>0x2185</load_address>
         <run_address>0x2185</run_address>
         <size>0x96</size>
         <input_file_ref idref="fl-d2"/>
      </object_component>
      <object_component id="oc-26c">
         <name>.debug_line</name>
         <load_address>0x221b</load_address>
         <run_address>0x221b</run_address>
         <size>0x91</size>
         <input_file_ref idref="fl-d2"/>
      </object_component>
      <object_component id="oc-260">
         <name>.debug_line</name>
         <load_address>0x22ac</load_address>
         <run_address>0x22ac</run_address>
         <size>0x9b</size>
         <input_file_ref idref="fl-d2"/>
      </object_component>
      <object_component id="oc-2bb">
         <name>.debug_line</name>
         <load_address>0x2347</load_address>
         <run_address>0x2347</run_address>
         <size>0x82</size>
         <input_file_ref idref="fl-d3"/>
      </object_component>
      <object_component id="oc-28b">
         <name>.debug_line</name>
         <load_address>0x23c9</load_address>
         <run_address>0x23c9</run_address>
         <size>0x91</size>
         <input_file_ref idref="fl-d3"/>
      </object_component>
      <object_component id="oc-285">
         <name>.debug_line</name>
         <load_address>0x245a</load_address>
         <run_address>0x245a</run_address>
         <size>0x92</size>
         <input_file_ref idref="fl-d3"/>
      </object_component>
      <object_component id="oc-297">
         <name>.debug_line</name>
         <load_address>0x24ec</load_address>
         <run_address>0x24ec</run_address>
         <size>0x91</size>
         <input_file_ref idref="fl-d3"/>
      </object_component>
      <object_component id="oc-168">
         <name>.debug_line</name>
         <load_address>0x257d</load_address>
         <run_address>0x257d</run_address>
         <size>0x91</size>
         <input_file_ref idref="fl-d3"/>
      </object_component>
      <object_component id="oc-29d">
         <name>.debug_line</name>
         <load_address>0x260e</load_address>
         <run_address>0x260e</run_address>
         <size>0x8e</size>
         <input_file_ref idref="fl-d3"/>
      </object_component>
      <object_component id="oc-27f">
         <name>.debug_line</name>
         <load_address>0x269c</load_address>
         <run_address>0x269c</run_address>
         <size>0x8e</size>
         <input_file_ref idref="fl-d3"/>
      </object_component>
      <object_component id="oc-291">
         <name>.debug_line</name>
         <load_address>0x272a</load_address>
         <run_address>0x272a</run_address>
         <size>0x92</size>
         <input_file_ref idref="fl-d3"/>
      </object_component>
      <object_component id="oc-315">
         <name>.debug_line</name>
         <load_address>0x27bc</load_address>
         <run_address>0x27bc</run_address>
         <size>0x13d</size>
         <input_file_ref idref="fl-d5"/>
      </object_component>
      <object_component id="oc-2bf">
         <name>.debug_line</name>
         <load_address>0x28f9</load_address>
         <run_address>0x28f9</run_address>
         <size>0x7f</size>
         <input_file_ref idref="fl-d5"/>
      </object_component>
      <object_component id="oc-174">
         <name>.debug_line</name>
         <load_address>0x2978</load_address>
         <run_address>0x2978</run_address>
         <size>0x11a</size>
         <input_file_ref idref="fl-d5"/>
      </object_component>
      <object_component id="oc-319">
         <name>.debug_line</name>
         <load_address>0x2a92</load_address>
         <run_address>0x2a92</run_address>
         <size>0x7f</size>
         <input_file_ref idref="fl-d5"/>
      </object_component>
      <object_component id="oc-335">
         <name>.debug_line</name>
         <load_address>0x2b11</load_address>
         <run_address>0x2b11</run_address>
         <size>0x82</size>
         <input_file_ref idref="fl-d6"/>
      </object_component>
      <object_component id="oc-2ab">
[...]
            <object_component_ref idref="oc-271"/>
            <object_component_ref idref="oc-265"/>
            <object_component_ref idref="oc-26b"/>
            <object_component_ref idref="oc-25f"/>
            <object_component_ref idref="oc-28a"/>
            <object_component_ref idref="oc-284"/>
            <object_component_ref idref="oc-296"/>
            <object_component_ref idref="oc-167"/>
            <object_component_ref idref="oc-29c"/>
            <object_component_ref idref="oc-27e"/>
            <object_component_ref idref="oc-290"/>
            <object_component_ref idref="oc-209"/>
            <object_component_ref idref="oc-173"/>
            <object_component_ref idref="oc-2aa"/>
            <object_component_ref idref="oc-2b0"/>
            <object_component_ref idref="oc-2b6"/>
            <object_component_ref idref="oc-2a3"/>
            <object_component_ref idref="oc-d3"/>
            <object_component_ref idref="oc-246"/>
         </contents>
      </logical_group>
      <logical_group id="lg-353" display="never" color="cyan">
         <name>.debug_pubtypes</name>
         <load_address>0x0</load_address>
         <run_address>0x0</run_address>
         <size>0xc40</size>
         <contents>
            <object_component_ref idref="oc-f2"/>
            <object_component_ref idref="oc-82"/>
            <object_component_ref idref="oc-148"/>
            <object_component_ref idref="oc-e8"/>
            <object_component_ref idref="oc-143"/>
            <object_component_ref idref="oc-136"/>
            <object_component_ref idref="oc-8d"/>
            <object_component_ref idref="oc-fe"/>
            <object_component_ref idref="oc-7d"/>
            <object_component_ref idref="oc-14f"/>
            <object_component_ref idref="oc-f7"/>
            <object_component_ref idref="oc-2d2"/>
            <object_component_ref idref="oc-31f"/>
            <object_component_ref idref="oc-2d7"/>
            <object_component_ref idref="oc-2dc"/>
            <object_component_ref idref="oc-12b"/>
            <object_component_ref idref="oc-317"/>
         </contents>
      </logical_group>
      <load_segment id="lg-367" display="no" color="cyan">
         <name>SEGMENT_0</name>
         <load_address>0x0</load_address>
         <run_address>0x0</run_address>
         <size>0x1644</size>
         <flags>0x5</flags>
         <contents>
            <logical_group_ref idref="lg-3"/>
            <logical_group_ref idref="lg-4"/>
            <logical_group_ref idref="lg-5"/>
            <logical_group_ref idref="lg-6"/>
         </contents>
      </load_segment>
      <load_segment id="lg-368" display="no" color="cyan">
         <name>SEGMENT_1</name>
         <run_address>0x20000000</run_address>
         <size>0x115</size>
         <flags>0x6</flags>
         <contents>
            <logical_group_ref idref="lg-d"/>
            <logical_group_ref idref="lg-a"/>
         </contents>
      </load_segment>
   </logical_group_list>
   <placement_map>
      <memory_area display="yes" color="green">
         <name>FLASH</name>
         <page_id>0x0</page_id>
         <origin>0x0</origin>
         <length>0x40000</length>
         <used_space>0x1644</used_space>
         <unused_space>0x3e9bc</unused_space>
         <attributes>RX</attributes>
         <usage_details>
            <allocated_space>
               <start_address>0x0</start_address>
               <size>0x26c</size>
               <logical_group_ref idref="lg-3"/>
            </allocated_space>
            <allocated_space>
               <start_address>0x26c</start_address>
               <size>0x12a0</size>
               <logical_group_ref idref="lg-4"/>
            </allocated_space>
            <allocated_space>
               <start_address>0x150c</start_address>
               <size>0x114</size>
               <logical_group_ref idref="lg-5"/>
            </allocated_space>
            <allocated_space>
               <start_address>0x1620</start_address>
               <size>0x24</size>
               <logical_group_ref idref="lg-6"/>
            </allocated_space>
            <available_space>
               <start_address>0x1644</start_address>
               <size>0x3e9bc</size>
            </available_space>
         </usage_details>
      </memory_area>
      <memory_area display="yes" color="green">
         <name>SRAM</name>
         <page_id>0x0</page_id>
         <origin>0x20000000</origin>
         <length>0x8000</length>
         <used_space>0x115</used_space>
         <unused_space>0x7eeb</unused_space>
         <attributes>RWX</attributes>
         <usage_details>
            <allocated_space>
               <start_address>0x20000000</start_address>
               <size>0x100</size>
               <logical_group_ref idref="lg-d"/>
            </allocated_space>
            <allocated_space>
               <start_address>0x20000100</start_address>
               <size>0x15</size>
               <logical_group_ref idref="lg-a"/>
            </allocated_space>
            <available_space>
               <start_address>0x20000115</start_address>
               <size>0x7eeb</size>
            </available_space>
         </usage_details>
      </memory_area>
   </placement_map>
   <cptbl_list>
      <cptbl>
         <name>__TI_cinit_table</name>
         <cprec>
            <name>.data</name>
            <load_address>0x1620</load_address>
            <load_size>0x11</load_size>
            <run_address>0x20000100</run_address>
            <run_size>0x15</run_size>
            <compression>lzss</compression>
         </cprec>
      </cptbl>
   </cptbl_list>
   <handler_table>
      <handler_table_name>__TI_handler_table</handler_table_name>
      <handler>
         <index>0x0</index>
         <name>__TI_decompress_lzss</name>
      </handler>
      <handler>
         <index>0x1</index>
         <name>__TI_decompress_none</name>
      </handler>
   </handler_table>
   <symbol_table>
      <symbol id="sm-1">
         <name>__STACK_TOP</name>
         <value>0x20000100</value>
      </symbol>
      <symbol id="sm-2">
         <name>__TI_CINIT_Base</name>
         <value>0x163c</value>
      </symbol>
      <symbol id="sm-3">
         <name>__TI_CINIT_Limit</name>
         <value>0x1644</value>
      </symbol>
      <symbol id="sm-4">
         <name>__TI_Handler_Table_Base</name>
         <value>0x1634</value>
      </symbol>
      <symbol id="sm-5">
         <name>__TI_Handler_Table_Limit</name>
         <value>0x163c</value>
      </symbol>
      <symbol id="sm-6">
         <name>binit</name>
         <value>0xffffffff</value>
      </symbol>
      <symbol id="sm-7">
         <name>__binit__</name>
         <value>0xffffffff</value>
      </symbol>
      <symbol id="sm-8">
         <name>__STACK_SIZE</name>
         <value>0x100</value>
      </symbol>
      <symbol id="sm-9">
         <name>__STACK_END</name>
         <value>0x20000100</value>
      </symbol>
      <symbol id="sm-a">
         <name>__c_args__</name>
         <value>0xffffffff</value>
      </symbol>
      <symbol id="sm-b">
         <name>__TI_pprof_out_hndl</name>
         <value>0xffffffff</value>
      </symbol>
      <symbol id="sm-c">
         <name>__TI_prof_data_start</name>
         <value>0xffffffff</value>
      </symbol>
      <symbol id="sm-d">
         <name>__TI_prof_data_size</name>
         <value>0xffffffff</value>
      </symbol>
      <symbol id="sm-4c">
         <name>MotorController</name>
         <value>0x1061</value>
         <object_component_ref idref="oc-16a"/>
      </symbol>
      <symbol id="sm-d4">
         <name>cfg_timer</name>
         <value>0x671</value>
         <object_component_ref idref="oc-1f1"/>
      </symbol>
      <symbol id="sm-d5">
         <name>cfg_peripheral</name>
         <value>0xbed</value>
         <object_component_ref idref="oc-1d3"/>
      </symbol>
      <symbol id="sm-d6">
         <name>cfg_qei</name>
         <value>0xcd5</value>
         <object_component_ref idref="oc-1eb"/>
      </symbol>
      <symbol id="sm-d7">
         <name>cfg_clock</name>
         <value>0x13a1</value>
         <object_component_ref idref="oc-1cd"/>
      </symbol>
      <symbol id="sm-d8">
         <name>init</name>
         <value>0x1181</value>
         <object_component_ref idref="oc-15e"/>
      </symbol>
      <symbol id="sm-d9">
         <name>cfg_uart</name>
         <value>0x26d</value>
         <object_component_ref idref="oc-1df"/>
      </symbol>
      <symbol id="sm-da">
         <name>cfg_systick</name>
         <value>0x13b9</value>
         <object_component_ref idref="oc-1f7"/>
      </symbol>
      <symbol id="sm-db">
         <name>cfg_pwm</name>
         <value>0x83d</value>
         <object_component_ref idref="oc-1e5"/>
      </symbol>
      <symbol id="sm-dc">
         <name>cfg_port</name>
         <value>0xe31</value>
         <object_component_ref idref="oc-1d9"/>
      </symbol>
      <symbol id="sm-16a">
         <name>SysTickIntHandler</name>
         <value>0x1285</value>
         <object_component_ref idref="oc-3c"/>
      </symbol>
      <symbol id="sm-16b">
         <name>UART0IntHandler</name>
         <value>0x14a5</value>
         <object_component_ref idref="oc-48"/>
      </symbol>
      <symbol id="sm-16c">
         <name>mycount</name>
         <value>0x20000108</value>
         <object_component_ref idref="oc-177"/>
      </symbol>
      <symbol id="sm-16d">
         <name>main</name>
         <value>0xec9</value>
         <object_component_ref idref="oc-117"/>
      </symbol>
      <symbol id="sm-16e">
         <name>pos</name>
         <value>0x20000100</value>
         <object_component_ref idref="oc-177"/>
      </symbol>
      <symbol id="sm-16f">
         <name>PortFIntHandler</name>
         <value>0x1011</value>
         <object_component_ref idref="oc-60"/>
      </symbol>
      <symbol id="sm-170">
         <name>PortBIntHandler</name>
         <value>0x1499</value>
         <object_component_ref idref="oc-42"/>
      </symbol>
      <symbol id="sm-171">
         <name>mode</name>
         <value>0x2000010c</value>
         <object_component_ref idref="oc-177"/>
      </symbol>
      <symbol id="sm-172">
         <name>count</name>
         <value>0x20000104</value>
         <object_component_ref idref="oc-177"/>
      </symbol>
      <symbol id="sm-173">
         <name>Timer4IntHandler</name>
         <value>0x1335</value>
         <object_component_ref idref="oc-6c"/>
      </symbol>
      <symbol id="sm-174">
         <name>Timer5IntHandler</name>
         <value>0x1351</value>
         <object_component_ref idref="oc-72"/>
      </symbol>
      <symbol id="sm-175">
         <name>Timer2IntHandler</name>
         <value>0x12fd</value>
         <object_component_ref idref="oc-5a"/>
      </symbol>
      <symbol id="sm-176">
         <name>Timer3IntHandler</name>
         <value>0x1319</value>
         <object_component_ref idref="oc-66"/>
      </symbol>
      <symbol id="sm-177">
         <name>Timer0IntHandler</name>
         <value>0x12c5</value>
         <object_component_ref idref="oc-4e"/>
      </symbol>
      <symbol id="sm-178">
         <name>Timer1IntHandler</name>
         <value>0x12e1</value>
         <object_component_ref idref="oc-54"/>
      </symbol>
      <symbol id="sm-1a9">
         <name>ResetISR</name>
         <value>0x14e1</value>
         <object_component_ref idref="oc-24"/>
      </symbol>
      <symbol id="sm-1aa">
         <name>g_pfnVectors</name>
         <value>0x0</value>
         <object_component_ref idref="oc-f"/>
      </symbol>
      <symbol id="sm-219">
         <name>UARTStdioConfig</name>
         <value>0xfb1</value>
         <object_component_ref idref="oc-249"/>
      </symbol>
      <symbol id="sm-21a">
         <name>UARTwrite</name>
         <value>0x10f5</value>
         <object_component_ref idref="oc-1bd"/>
      </symbol>
      <symbol id="sm-21b">
         <name>UARTprintf</name>
         <value>0x136d</value>
         <object_component_ref idref="oc-e0"/>
      </symbol>
      <symbol id="sm-21c">
         <name>UARTvprintf</name>
         <value>0x485</value>
         <object_component_ref idref="oc-13a"/>
      </symbol>
      <symbol id="sm-22c">
         <name>__aeabi_uidivmod</name>
         <value>0x11c1</value>
         <object_component_ref idref="oc-1c3"/>
      </symbol>
      <symbol id="sm-22d">
         <name>__aeabi_uidiv</name>
         <value>0x11c1</value>
         <object_component_ref idref="oc-1c3"/>
      </symbol>
      <symbol id="sm-245">
         <name>__TI_decompress_none</name>
         <value>0x147d</value>
         <object_component_ref idref="oc-18"/>
      </symbol>
      <symbol id="sm-268">
         <name>__TI_decompress_lzss</name>
         <value>0xf49</value>
         <object_component_ref idref="oc-12"/>
      </symbol>
      <symbol id="sm-27b">
         <name>__stack</name>
         <value>0x20000000</value>
         <object_component_ref idref="oc-21"/>
      </symbol>
      <symbol id="sm-27c">
         <name>_c_int00_noargs</name>
         <value>0x1201</value>
         <object_component_ref idref="oc-a4"/>
      </symbol>
      <symbol id="sm-287">
         <name>C$$EXIT</name>
         <value>0x1509</value>
         <object_component_ref idref="oc-17b"/>
      </symbol>
      <symbol id="sm-288">
         <name>abort</name>
         <value>0x1509</value>
         <object_component_ref idref="oc-17b"/>
      </symbol>
      <symbol id="sm-294">
         <name>__aeabi_idiv0</name>
         <value>0x139f</value>
         <object_component_ref idref="oc-234"/>
      </symbol>
      <symbol id="sm-295">
         <name>__aeabi_ldiv0</name>
         <value>0x139f</value>
         <object_component_ref idref="oc-234"/>
      </symbol>
      <symbol id="sm-2b0">
         <name>memcpy</name>
         <value>0xd95</value>
         <object_component_ref idref="oc-86"/>
      </symbol>
      <symbol id="sm-2b1">
         <name>__aeabi_memcpy</name>
         <value>0xd95</value>
         <object_component_ref idref="oc-86"/>
      </symbol>
      <symbol id="sm-2b2">
         <name>__aeabi_memcpy8</name>
         <value>0xd95</value>
         <object_component_ref idref="oc-86"/>
      </symbol>
      <symbol id="sm-2b3">
         <name>__aeabi_memcpy4</name>
         <value>0xd95</value>
         <object_component_ref idref="oc-86"/>
      </symbol>
      <symbol id="sm-2dc">
         <name>__TI_auto_init_nobinit_nopinit</name>
         <value>0x113d</value>
         <object_component_ref idref="oc-187"/>
      </symbol>
      <symbol id="sm-2e6">
         <name>_system_pre_init</name>
         <value>0x1505</value>
         <object_component_ref idref="oc-111"/>
      </symbol>
      <symbol id="sm-34e">
         <name>GPIOPinTypePWM</name>
         <value>0x13f9</value>
         <object_component_ref idref="oc-256"/>
      </symbol>
      <symbol id="sm-34f">
         <name>GPIOPinConfigure</name>
         <value>0x10ad</value>
         <object_component_ref idref="oc-250"/>
      </symbol>
      <symbol id="sm-350">
         <name>GPIOIntClear</name>
         <value>0x14cf</value>
         <object_component_ref idref="oc-c9"/>
      </symbol>
      <symbol id="sm-351">
         <name>GPIOIntStatus</name>
         <value>0x1461</value>
         <object_component_ref idref="oc-da"/>
      </symbol>
      <symbol id="sm-352">
         <name>GPIOPinTypeGPIOOutput</name>
         <value>0x1387</value>
         <object_component_ref idref="oc-23c"/>
      </symbol>
      <symbol id="sm-353">
         <name>GPIOPinRead</name>
         <value>0x14d5</value>
         <object_component_ref idref="oc-bc"/>
      </symbol>
      <symbol id="sm-354">
         <name>GPIODirModeSet</name>
         <value>0x1239</value>
         <object_component_ref idref="oc-2ed"/>
      </symbol>
      <symbol id="sm-355">
         <name>GPIOPinTypeQEI</name>
         <value>0x140b</value>
         <object_component_ref idref="oc-275"/>
      </symbol>
      <symbol id="sm-356">
         <name>GPIOPinWrite</name>
         <value>0x14db</value>
         <object_component_ref idref="oc-c2"/>
      </symbol>
      <symbol id="sm-357">
         <name>GPIOPadConfigSet</name>
         <value>0x9a9</value>
         <object_component_ref idref="oc-2e7"/>
      </symbol>
      <symbol id="sm-385">
         <name>PWMGenPeriodSet</name>
         <value>0x142f</value>
         <object_component_ref idref="oc-262"/>
      </symbol>
      <symbol id="sm-386">
         <name>PWMPulseWidthSet</name>
         <value>0x12a5</value>
         <object_component_ref idref="oc-200"/>
      </symbol>
      <symbol id="sm-387">
         <name>PWMOutputState</name>
         <value>0x141d</value>
         <object_component_ref idref="oc-26e"/>
      </symbol>
      <symbol id="sm-388">
         <name>PWMGenEnable</name>
         <value>0x148b</value>
         <object_component_ref idref="oc-268"/>
      </symbol>
      <symbol id="sm-389">
         <name>PWMGenConfigure</name>
         <value>0x1263</value>
         <object_component_ref idref="oc-25c"/>
      </symbol>
      <symbol id="sm-3c6">
         <name>QEIPositionGet</name>
         <value>0x14f9</value>
         <object_component_ref idref="oc-164"/>
      </symbol>
      <symbol id="sm-3c7">
         <name>QEIVelocityConfigure</name>
         <value>0x143f</value>
         <object_component_ref idref="oc-281"/>
      </symbol>
      <symbol id="sm-3c8">
         <name>QEIDisable</name>
         <value>0x14b1</value>
         <object_component_ref idref="oc-27b"/>
      </symbol>
      <symbol id="sm-3c9">
         <name>QEIEnable</name>
         <value>0x14bb</value>
         <object_component_ref idref="oc-299"/>
      </symbol>
      <symbol id="sm-3ca">
         <name>QEIPositionSet</name>
         <value>0x14fd</value>
         <object_component_ref idref="oc-293"/>
      </symbol>
      <symbol id="sm-3cb">
         <name>QEIVelocityEnable</name>
         <value>0x14c5</value>
         <object_component_ref idref="oc-287"/>
      </symbol>
      <symbol id="sm-3cc">
         <name>QEIConfigure</name>
         <value>0x146f</value>
         <object_component_ref idref="oc-28d"/>
      </symbol>
      <symbol id="sm-3ff">
         <name>SysCtlDelay</name>
         <value>0x14e7</value>
         <object_component_ref idref="oc-176"/>
      </symbol>
      <symbol id="sm-400">
         <name>SysCtlClockGet</name>
         <value>0xadd</value>
         <object_component_ref idref="oc-170"/>
      </symbol>
      <symbol id="sm-423">
         <name>SysTickEnable</name>
         <value>0x13d1</value>
         <object_component_ref idref="oc-2b3"/>
      </symbol>
      <symbol id="sm-424">
         <name>SysTickIntEnable</name>
         <value>0x13e5</value>
         <object_component_ref idref="oc-2ad"/>
      </symbol>
      <symbol id="sm-425">
         <name>SysTickPeriodSet</name>
         <value>0x1451</value>
         <object_component_ref idref="oc-2a7"/>
      </symbol>
      <symbol id="sm-432">
         <name>TimerClockSourceSet</name>
         <value>0x14ed</value>
         <object_component_ref idref="oc-2a0"/>
      </symbol>
      <symbol id="sm-447">
         <name>UARTClockSourceSet</name>
         <value>0x14f3</value>
         <object_component_ref idref="oc-243"/>
      </symbol>
      <symbol id="sm-448">
         <name>UARTIntClear</name>
         <value>0x1501</value>
         <object_component_ref idref="oc-d0"/>
      </symbol>
      <symbol id="sm-44a">
         <name>__TI_static_base__</name>
         <value>0x0</value>
      </symbol>
      <symbol id="sm-44d">
         <name>__mpu_init</name>
         <value>0x0</value>
      </symbol>
      <symbol id="sm-44e">
         <name>_system_post_cinit</name>
         <value>0x0</value>
      </symbol>
   </symbol_table>
   <title>Link successful</title>
</link_info>
